
> fetch-customers-ids@1.0.0 migrate:campaigns-bulk-from-csv
> node migrate-campaigns-bulk-from-csv.js

BULK CAMPAIGN MIGRATION
Input:      /Users/mac/Projects/terraboost/DataMongoQueryResults/fetchCustomers/campaigns_ids_result.csv
Campaigns:  18128
Output:     /Users/mac/Projects/terraboost/DataMongoQueryResults/fetchCustomers/migration_bulk_results.csv
Dry run:    no
On error:   continue
SQL target: TB-V1Migrate @ 20.118.225.243,1433
Logic from: migrate-single-campaign-mongo-to-sql-v3.js

(node:20301) [DEP0123] DeprecationWarning: Setting the TLS ServerName to an IP address is not permitted by RFC 6066. This will be ignored in a future version.
(Use `node --trace-deprecation ...` to show where the warning was created)
Loaded 17 STATUSES from SQL (StatusGroup=Campaign) — shared for all rows.

[1/18128] 5570c2ca7257f90b0028a525
[1/18128]   → ok Campaign.ID=17685 OrderNumber=15067685
[2/18128] 55689924cc44750b0004d0e6
[2/18128]   → ok Campaign.ID=17686 OrderNumber=15057686
[3/18128] 557603ee467e830b005b53a4
[3/18128]   → ok Campaign.ID=17687 OrderNumber=15067687
[4/18128] 558b140331a9dd0b0031b098
[4/18128]   → ok Campaign.ID=17688 OrderNumber=15067688
[5/18128] 55835766e0f36d0b001ca5b8
[5/18128]   → ok Campaign.ID=17689 OrderNumber=15067689
[6/18128] 557868ef8420f80b00b6b55f
[6/18128]   → ok Campaign.ID=17690 OrderNumber=15067690
[7/18128] 557b62b85a71e20b008624a6
[7/18128]   → ok Campaign.ID=17691 OrderNumber=15067691
[8/18128] 55931e4cbf40990b00ea1a97
[8/18128]   → ok Campaign.ID=17692 OrderNumber=15077692
[9/18128] 559d5e764e46260b004e426f
[9/18128]   → ok Campaign.ID=17693 OrderNumber=15077693
[10/18128] 5595c140d462570b003719c9
[10/18128]   → ok Campaign.ID=17694 OrderNumber=15077694
[11/18128] 559e9eb9a17d6e0b00db1693
[11/18128]   → ok Campaign.ID=17695 OrderNumber=15077695
[12/18128] 55a42120ca94780b00b0067b
[12/18128]   → ok Campaign.ID=17696 OrderNumber=15077696
[13/18128] 559ee1d47d69090b001ecf92
[13/18128]   → ok Campaign.ID=17697 OrderNumber=15077697
[14/18128] 55a43682046af60b000e3bda
[14/18128]   → ok Campaign.ID=17698 OrderNumber=15077698
[15/18128] 55a7f9a12ab8090b004ae6bf
[15/18128]   → ok Campaign.ID=17699 OrderNumber=15077699
[16/18128] 55a7fcc22ab8090b004ae6c3
[16/18128]   → ok Campaign.ID=17700 OrderNumber=15077700
[17/18128] 55b01d85b6d5dd0b0099269f
[17/18128]   → ok Campaign.ID=17701 OrderNumber=15077701
[18/18128] 55a6a36ea2c39d0b0055ca11
[18/18128]   → ok Campaign.ID=17702 OrderNumber=15077702
[19/18128] 55b00b081c04d80b00cd41e3
[19/18128]   → ok Campaign.ID=17703 OrderNumber=15077703
[20/18128] 55b11575c994100b00a62505
[20/18128]   → ok Campaign.ID=17704 OrderNumber=15077704
[21/18128] 55b12707c994100b00a6250d
[21/18128]   → ok Campaign.ID=17705 OrderNumber=15077705
[22/18128] 55b1573dfb34a70b00df5de1
[22/18128]   → ok Campaign.ID=17706 OrderNumber=15077706
[23/18128] 55ae8f83d10c660b0061a141
[23/18128]   → ok Campaign.ID=17707 OrderNumber=15077707
[24/18128] 55b14fb7fb34a70b00df5dc2
[24/18128]   → ok Campaign.ID=17708 OrderNumber=15077708
[25/18128] 55b7c05c5182390b00a77259
[25/18128]   → ok Campaign.ID=17709 OrderNumber=15077709
[26/18128] 55b7b24e5182390b00a77255
[26/18128]   → ok Campaign.ID=17710 OrderNumber=15077710
[27/18128] 55b65ff55645720b00dfc548
[27/18128]   → ok Campaign.ID=17711 OrderNumber=15077711
[28/18128] 55b924091adff80b006ef59c
[28/18128]   → ok Campaign.ID=17712 OrderNumber=15077712
[29/18128] 55b28a61409e650b006f5a4a
[29/18128]   → ok Campaign.ID=17713 OrderNumber=15077713
[30/18128] 55942a9e14b7c50b00b18867
[30/18128]   → ok Campaign.ID=17714 OrderNumber=15077714
[31/18128] 55ba69f8c95f350b003bdf9b
[31/18128]   → ok Campaign.ID=17715 OrderNumber=15077715
[32/18128] 55ba7261c95f350b003bdfa2
[32/18128]   → ok Campaign.ID=17716 OrderNumber=15077716
[33/18128] 55ba6ad1c95f350b003bdf9e
[33/18128]   → ok Campaign.ID=17717 OrderNumber=15077717
[34/18128] 55b7a7315182390b00a77251
[34/18128]   → ok Campaign.ID=17718 OrderNumber=15077718
[35/18128] 55b9246b1adff80b006ef59f
[35/18128]   → ok Campaign.ID=17719 OrderNumber=15077719
[36/18128] 55ba7535c95f350b003bdfa9
[36/18128]   → ok Campaign.ID=17720 OrderNumber=15077720
[37/18128] 55ba75e1c95f350b003bdfac
[37/18128]   → ok Campaign.ID=17721 OrderNumber=15077721
[38/18128] 55ba7789c95f350b003bdfaf
[38/18128]   → ok Campaign.ID=17722 OrderNumber=15077722
[39/18128] 55ba7831c95f350b003bdfb2
[39/18128]   → ok Campaign.ID=17723 OrderNumber=15077723
[40/18128] 55ba797bc95f350b003bdfb8
[40/18128]   → ok Campaign.ID=17724 OrderNumber=15077724
[41/18128] 55ba79ffc95f350b003bdfbb
[41/18128]   → ok Campaign.ID=17725 OrderNumber=15077725
[42/18128] 55baa03d08d0ac0b0024ab9d
[42/18128]   → ok Campaign.ID=17726 OrderNumber=15077726
[43/18128] 55bbb305d329c90b0025200f
[43/18128]   → ok Campaign.ID=17727 OrderNumber=15077727
[44/18128] 55bbe563d329c90b00252080
[44/18128]   → ok Campaign.ID=17728 OrderNumber=15087728
[45/18128] 55bbbe34d329c90b00252013
[45/18128]   → ok Campaign.ID=17729 OrderNumber=15077729
[46/18128] 55bbe6bbd329c90b00252084
[46/18128]   → ok Campaign.ID=17730 OrderNumber=15087730
[47/18128] 55bbfb79eb4f1b0b00e4889a
[47/18128]   → ok Campaign.ID=17731 OrderNumber=15087731
[48/18128] 55bb9806d329c90b00252006
[48/18128]   → ok Campaign.ID=17732 OrderNumber=15077732
[49/18128] 55bb9d18d329c90b0025200c
[49/18128]   → ok Campaign.ID=17733 OrderNumber=15077733
[50/18128] 55c11ddee0b39c0b00bc1224
[50/18128]   → ok Campaign.ID=17734 OrderNumber=15087734
[51/18128] 55c0e1c63d21c30b00863679
[51/18128]   → ok Campaign.ID=17735 OrderNumber=15087735
[52/18128] 55c12511e0b39c0b00bc1227
[52/18128]   → ok Campaign.ID=17736 OrderNumber=15087736
[53/18128] 55ba78bdc95f350b003bdfb5
[53/18128]   → ok Campaign.ID=17737 OrderNumber=15077737
[54/18128] 55c1272de0b39c0b00bc122b
[54/18128]   → ok Campaign.ID=17738 OrderNumber=15087738
[55/18128] 55c13f1be0b39c0b00bc1237
[55/18128]   → ok Campaign.ID=17739 OrderNumber=15087739
[56/18128] 55c149abe0b39c0b00bc123e
[56/18128]   → ok Campaign.ID=17740 OrderNumber=15087740
[57/18128] 55c14527e0b39c0b00bc123b
[57/18128]   → ok Campaign.ID=17741 OrderNumber=15087741
[58/18128] 55c2281b9a72750b0043d301
[58/18128]   → ok Campaign.ID=17742 OrderNumber=15087742
[59/18128] 55c260ac9a72750b0043d305
[59/18128]   → ok Campaign.ID=17743 OrderNumber=15087743
[60/18128] 55c276679a72750b0043d30b
[60/18128]   → ok Campaign.ID=17744 OrderNumber=15087744
[61/18128] 55c38a46487a2c0b005fb50a
[61/18128]   → ok Campaign.ID=17745 OrderNumber=15087745
[62/18128] 55c3c8ec1fa7f30b00e3521e
[62/18128]   → ok Campaign.ID=17746 OrderNumber=15087746
[63/18128] 55c3ef011279f40b0048edd1
[63/18128]   → ok Campaign.ID=17747 OrderNumber=15087747
[64/18128] 55c3f0191279f40b0048edd4
[64/18128]   → ok Campaign.ID=17748 OrderNumber=15087748
[65/18128] 55c3f4271279f40b0048eddf
[65/18128]   → ok Campaign.ID=17749 OrderNumber=15087749
[66/18128] 55c3f1b81279f40b0048eddc
[66/18128]   → ok Campaign.ID=17750 OrderNumber=15087750
[67/18128] 55c4d72a5c24e10b00f766ba
[67/18128]   → ok Campaign.ID=17751 OrderNumber=15087751
[68/18128] 55c3f1051279f40b0048edd9
[68/18128]   → ok Campaign.ID=17752 OrderNumber=15087752
[69/18128] 55c134abe0b39c0b00bc1233
[69/18128]   → ok Campaign.ID=17753 OrderNumber=15087753
[70/18128] 55c4d7905c24e10b00f766bd
[70/18128]   → ok Campaign.ID=17754 OrderNumber=15087754
[71/18128] 55c12bbde0b39c0b00bc122e
[71/18128]   → ok Campaign.ID=17755 OrderNumber=15087755
[72/18128] 55c4ecc75c24e10b00f766c5
[72/18128]   → ok Campaign.ID=17756 OrderNumber=15087756
[73/18128] 55c4ebc25c24e10b00f766c1
[73/18128]   → ok Campaign.ID=17757 OrderNumber=15087757
[74/18128] 55c4ed965c24e10b00f766c9
[74/18128]   → ok Campaign.ID=17758 OrderNumber=15087758
[75/18128] 55c4f04d5c24e10b00f766d2
[75/18128]   → ok Campaign.ID=17759 OrderNumber=15087759
[76/18128] 55c4f3a25c24e10b00f766d6
[76/18128]   → ok Campaign.ID=17760 OrderNumber=15087760
[77/18128] 55c4f4225c24e10b00f766d9
[77/18128]   → ok Campaign.ID=17761 OrderNumber=15087761
[78/18128] 55c4f4e45c24e10b00f766dc
[78/18128]   → ok Campaign.ID=17762 OrderNumber=15087762
[79/18128] 55c4f57d5c24e10b00f766e0
[79/18128]   → ok Campaign.ID=17763 OrderNumber=15087763
[80/18128] 55c4f6375c24e10b00f766e3
[80/18128]   → ok Campaign.ID=17764 OrderNumber=15087764
[81/18128] 55c4f69c5c24e10b00f766e6
[81/18128]   → ok Campaign.ID=17765 OrderNumber=15087765
[82/18128] 55c4f7095c24e10b00f766e9
[82/18128]   → ok Campaign.ID=17766 OrderNumber=15087766
[83/18128] 55c4eea25c24e10b00f766cc
[83/18128]   → ok Campaign.ID=17767 OrderNumber=15087767
[84/18128] 55c500b65c24e10b00f766ec
[84/18128]   → ok Campaign.ID=17768 OrderNumber=15087768
[85/18128] 55c52605b395cf0b0004320f
[85/18128]   → ok Campaign.ID=17769 OrderNumber=15087769
[86/18128] 55c4ef565c24e10b00f766cf
[86/18128]   → ok Campaign.ID=17770 OrderNumber=15087770
[87/18128] 55c527a8b395cf0b00043212
[87/18128]   → ok Campaign.ID=17771 OrderNumber=15087771
[88/18128] 55c501ac5c24e10b00f766ef
[88/18128]   → ok Campaign.ID=17772 OrderNumber=15087772
[89/18128] 55c529b7b395cf0b00043216
[89/18128]   → ok Campaign.ID=17773 OrderNumber=15087773
[90/18128] 55ca1566260bad0b00669e2d
[90/18128]   → ok Campaign.ID=17774 OrderNumber=15087774
[91/18128] 55ca2a5c260bad0b00669e39
[91/18128]   → ok Campaign.ID=17775 OrderNumber=15087775
[92/18128] 55ccd29c7dc74d0b00b45895
[92/18128]   → ok Campaign.ID=17776 OrderNumber=15087776
[93/18128] 55ca330b260bad0b00669e40
[93/18128]   → ok Campaign.ID=17777 OrderNumber=15087777
[94/18128] 55ccdad17dc74d0b00b4589a
[94/18128]   → ok Campaign.ID=17778 OrderNumber=15087778
[95/18128] 55ce3890aa1fb30b0046fc7b
[95/18128]   → ok Campaign.ID=17779 OrderNumber=15087779
[96/18128] 55ce343eaa1fb30b0046fc77
[96/18128]   → ok Campaign.ID=17780 OrderNumber=15087780
[97/18128] 55ce3934aa1fb30b0046fc7e
[97/18128]   → ok Campaign.ID=17781 OrderNumber=15087781
[98/18128] 55d1f6b8b90dcd0b00366a41
[98/18128]   → ok Campaign.ID=17782 OrderNumber=15087782
[99/18128] 55d3b1dd045b9e0b00c02a10
[99/18128]   → ok Campaign.ID=17783 OrderNumber=15087783
[100/18128] 55d35772cebf810b008c4129
[100/18128]   → ok Campaign.ID=17784 OrderNumber=15087784
[101/18128] 55d3b5c4045b9e0b00c02a14
[101/18128]   → ok Campaign.ID=17785 OrderNumber=15087785
[102/18128] 55d3b05a045b9e0b00c02a0d
[102/18128]   → ok Campaign.ID=17786 OrderNumber=15087786
[103/18128] 55d4b1e83f2b9b0b004deb44
[103/18128]   → ok Campaign.ID=17787 OrderNumber=15087787
[104/18128] 55d4b0c33f2b9b0b004deb3e
[104/18128]   → ok Campaign.ID=17788 OrderNumber=15087788
[105/18128] 55d4b0713f2b9b0b004deb3b
[105/18128]   → ok Campaign.ID=17789 OrderNumber=15087789
[106/18128] 55d508375f61140b00294aa1
[106/18128]   → ok Campaign.ID=17790 OrderNumber=15087790
[107/18128] 55d75f3fb9d8fc0b00781824
[107/18128]   → ok Campaign.ID=17791 OrderNumber=15087791
[108/18128] 55d64e15f18dc20b002d56e5
[108/18128]   → ok Campaign.ID=17792 OrderNumber=15087792
[109/18128] 55d753709b46130b005cb811
[109/18128]   → ok Campaign.ID=17793 OrderNumber=15087793
[110/18128] 55ca2b77260bad0b00669e3c
[110/18128]   → ok Campaign.ID=17794 OrderNumber=15087794
[111/18128] 55d780bfb9d8fc0b0078182a
[111/18128]   → ok Campaign.ID=17795 OrderNumber=15087795
[112/18128] 55cceadb7dc74d0b00b4589d
[112/18128]   → ok Campaign.ID=17796 OrderNumber=15087796
[113/18128] 55d7990bb9d8fc0b0078183b
[113/18128]   → ok Campaign.ID=17797 OrderNumber=15087797
[114/18128] 55d79968b9d8fc0b0078183e
[114/18128]   → ok Campaign.ID=17798 OrderNumber=15087798
[115/18128] 55d799b7b9d8fc0b00781841
[115/18128]   → ok Campaign.ID=17799 OrderNumber=15087799
[116/18128] 55d798acb9d8fc0b00781838
[116/18128]   → ok Campaign.ID=17800 OrderNumber=15087800
[117/18128] 55d7983cb9d8fc0b00781835
[117/18128]   → ok Campaign.ID=17801 OrderNumber=15087801
[118/18128] 55d78917b9d8fc0b00781831
[118/18128]   → ok Campaign.ID=17802 OrderNumber=15087802
[119/18128] 55d79ad7b9d8fc0b00781844
[119/18128]   → ok Campaign.ID=17803 OrderNumber=15087803
[120/18128] 55da399ee109800b0078891e
[120/18128]   → ok Campaign.ID=17804 OrderNumber=15087804
[121/18128] 55ce0d82cd38750b00501eae
[121/18128]   → ok Campaign.ID=17805 OrderNumber=15087805
[122/18128] 55da399ee109800b00788920
[122/18128]   → ok Campaign.ID=17806 OrderNumber=15087806
[123/18128] 55da399ee109800b00788909
[123/18128]   → ok Campaign.ID=17807 OrderNumber=15087807
[124/18128] 55da399ee109800b00788924
[124/18128]   → ok Campaign.ID=17808 OrderNumber=15087808
[125/18128] 55da399ee109800b00788922
[125/18128]   → ok Campaign.ID=17809 OrderNumber=15087809
[126/18128] 55da399ee109800b00788925
[126/18128]   → ok Campaign.ID=17810 OrderNumber=15087810
[127/18128] 55da399ee109800b00788927
[127/18128]   → ok Campaign.ID=17811 OrderNumber=15087811
[128/18128] 55da399ee109800b00788929
[128/18128]   → ok Campaign.ID=17812 OrderNumber=15087812
[129/18128] 55da399ee109800b0078892b
[129/18128]   → ok Campaign.ID=17813 OrderNumber=15087813
[130/18128] 55da399ee109800b0078892e
[130/18128]   → ok Campaign.ID=17814 OrderNumber=15087814
[131/18128] 55da399ee109800b0078892f
[131/18128]   → ok Campaign.ID=17815 OrderNumber=15087815
[132/18128] 55da399ee109800b00788930
[132/18128]   → ok Campaign.ID=17816 OrderNumber=15087816
[133/18128] 55da399ee109800b00788931
[133/18128]   → ok Campaign.ID=17817 OrderNumber=15087817
[134/18128] 55da399ee109800b00788932
[134/18128]   → ok Campaign.ID=17818 OrderNumber=15087818
[135/18128] 55da399ee109800b00788937
[135/18128]   → ok Campaign.ID=17819 OrderNumber=15087819
[136/18128] 55da399ee109800b00788938
[136/18128]   → ok Campaign.ID=17820 OrderNumber=15087820
[137/18128] 55da399ee109800b00788939
[137/18128]   → ok Campaign.ID=17821 OrderNumber=15087821
[138/18128] 55da399ee109800b0078893c
[138/18128]   → ok Campaign.ID=17822 OrderNumber=15087822
[139/18128] 55da399ee109800b0078893a
[139/18128]   → ok Campaign.ID=17823 OrderNumber=15087823
[140/18128] 55da399ee109800b0078893b
[140/18128]   → ok Campaign.ID=17824 OrderNumber=15087824
[141/18128] 55da399ee109800b0078893d
[141/18128]   → ok Campaign.ID=17825 OrderNumber=15087825
[142/18128] 55da399ee109800b00788941
[142/18128]   → ok Campaign.ID=17826 OrderNumber=15087826
[143/18128] 55da399ee109800b00788942
[143/18128]   → ok Campaign.ID=17827 OrderNumber=15087827
[144/18128] 55da399ee109800b00788943
[144/18128]   → ok Campaign.ID=17828 OrderNumber=15087828
[145/18128] 55da399ee109800b00788947
[145/18128]   → ok Campaign.ID=17829 OrderNumber=15087829
[146/18128] 55da399ee109800b0078893e
[146/18128]   → ok Campaign.ID=17830 OrderNumber=15087830
[147/18128] 55da399ee109800b00788940
[147/18128]   → ok Campaign.ID=17831 OrderNumber=15087831
[148/18128] 55da399ee109800b0078894a
[148/18128]   → ok Campaign.ID=17832 OrderNumber=15087832
[149/18128] 55da399ee109800b0078894b
[149/18128]   → ok Campaign.ID=17833 OrderNumber=15087833
[150/18128] 55da399ee109800b0078894d
[150/18128]   → ok Campaign.ID=17834 OrderNumber=15087834
[151/18128] 55da399ee109800b0078894f
[151/18128]   → ok Campaign.ID=17835 OrderNumber=15087835
[152/18128] 55da399ee109800b0078894c
[152/18128]   → ok Campaign.ID=17836 OrderNumber=15087836
[153/18128] 55da399ee109800b00788950
[153/18128]   → ok Campaign.ID=17837 OrderNumber=15087837
[154/18128] 55da399ee109800b00788951
[154/18128]   → ok Campaign.ID=17838 OrderNumber=15087838
[155/18128] 55da399ee109800b00788948
[155/18128]   → ok Campaign.ID=17839 OrderNumber=15087839
[156/18128] 55da399ee109800b00788952
[156/18128]   → ok Campaign.ID=17840 OrderNumber=15087840
[157/18128] 55da399ee109800b00788953
[157/18128]   → ok Campaign.ID=17841 OrderNumber=15087841
[158/18128] 55da399ee109800b00788949
[158/18128]   → ok Campaign.ID=17842 OrderNumber=15087842
[159/18128] 55da399ee109800b00788954
[159/18128]   → ok Campaign.ID=17843 OrderNumber=15087843
[160/18128] 55da399ee109800b00788957
[160/18128]   → ok Campaign.ID=17844 OrderNumber=15087844
[161/18128] 55da399ee109800b0078895a
[161/18128]   → ok Campaign.ID=17845 OrderNumber=15087845
[162/18128] 55da399ee109800b00788956
[162/18128]   → ok Campaign.ID=17846 OrderNumber=15087846
[163/18128] 55da399ee109800b00788962
[163/18128]   → ok Campaign.ID=17847 OrderNumber=15087847
[164/18128] 55da399ee109800b0078895b
[164/18128]   → ok Campaign.ID=17848 OrderNumber=15087848
[165/18128] 55da399ee109800b0078895c
[165/18128]   → ok Campaign.ID=17849 OrderNumber=15087849
[166/18128] 55da399ee109800b0078895e
[166/18128]   → ok Campaign.ID=17850 OrderNumber=15087850
[167/18128] 55da399ee109800b00788961
[167/18128]   → ok Campaign.ID=17851 OrderNumber=15087851
[168/18128] 55da399ee109800b00788959
[168/18128]   → ok Campaign.ID=17852 OrderNumber=15087852
[169/18128] 55da399ee109800b00788960
[169/18128]   → ok Campaign.ID=17853 OrderNumber=15087853
[170/18128] 55da399ee109800b00788966
[170/18128]   → ok Campaign.ID=17854 OrderNumber=15087854
[171/18128] 55da399ee109800b0078896d
[171/18128]   → ok Campaign.ID=17855 OrderNumber=15087855
[172/18128] 55da399ee109800b0078896e
[172/18128]   → ok Campaign.ID=17856 OrderNumber=15087856
[173/18128] 55da399ee109800b00788971
[173/18128]   → ok Campaign.ID=17857 OrderNumber=15087857
[174/18128] 55da399ee109800b00788973
[174/18128]   → ok Campaign.ID=17858 OrderNumber=15087858
[175/18128] 55da399ee109800b0078896b
[175/18128]   → ok Campaign.ID=17859 OrderNumber=15087859
[176/18128] 55da399ee109800b00788974
[176/18128]   → ok Campaign.ID=17860 OrderNumber=15087860
[177/18128] 55da399ee109800b007889a3
[177/18128]   → ok Campaign.ID=17861 OrderNumber=15087861
[178/18128] 55da399ee109800b007889a4
[178/18128]   → ok Campaign.ID=17862 OrderNumber=15087862
[179/18128] 55da399ee109800b007889a5
[179/18128]   → ok Campaign.ID=17863 OrderNumber=15087863
[180/18128] 55da399ee109800b00788967
[180/18128]   → ok Campaign.ID=17864 OrderNumber=15087864
[181/18128] 55da399ee109800b00788963
[181/18128]   → ok Campaign.ID=17865 OrderNumber=15087865
[182/18128] 55da399ee109800b0078896a
[182/18128]   → ok Campaign.ID=17866 OrderNumber=15087866
[183/18128] 55da399ee109800b00788964
[183/18128]   → ok Campaign.ID=17867 OrderNumber=15087867
[184/18128] 55da399ee109800b007889a6
[184/18128]   → ok Campaign.ID=17868 OrderNumber=15087868
[185/18128] 55da399ee109800b00788976
[185/18128]   → ok Campaign.ID=17869 OrderNumber=15087869
[186/18128] 55da399ee109800b007889a7
[186/18128]   → ok Campaign.ID=17870 OrderNumber=15087870
[187/18128] 55da399ee109800b007889a8
[187/18128]   → ok Campaign.ID=17871 OrderNumber=15087871
[188/18128] 55da399ee109800b007889a9
[188/18128]   → ok Campaign.ID=17872 OrderNumber=15087872
[189/18128] 55da399ee109800b007889aa
[189/18128]   → ok Campaign.ID=17873 OrderNumber=15087873
[190/18128] 55da399ee109800b00788968
[190/18128]   → ok Campaign.ID=17874 OrderNumber=15087874
[191/18128] 55da399ee109800b007889af
[191/18128]   → ok Campaign.ID=17875 OrderNumber=15087875
[192/18128] 55da399ee109800b007889ad
[192/18128]   → ok Campaign.ID=17876 OrderNumber=15087876
[193/18128] 55da399ee109800b007889ab
[193/18128]   → ok Campaign.ID=17877 OrderNumber=15087877
[194/18128] 55da399ee109800b007889b0
[194/18128]   → ok Campaign.ID=17878 OrderNumber=15087878
[195/18128] 55da399ee109800b007889b1
[195/18128]   → ok Campaign.ID=17879 OrderNumber=15087879
[196/18128] 55da399ee109800b007889b2
[196/18128]   → ok Campaign.ID=17880 OrderNumber=15087880
[197/18128] 55da399ee109800b007889b3
[197/18128]   → ok Campaign.ID=17881 OrderNumber=15087881
[198/18128] 55da399ee109800b007889b4
[198/18128]   → ok Campaign.ID=17882 OrderNumber=15087882
[199/18128] 55da399ee109800b007889b6
[199/18128]   → ok Campaign.ID=17883 OrderNumber=15087883
[200/18128] 55da399ee109800b007889b7
[200/18128]   → ok Campaign.ID=17884 OrderNumber=15087884
[201/18128] 55da399ee109800b007889bb
[201/18128]   → ok Campaign.ID=17885 OrderNumber=15087885
[202/18128] 55da399ee109800b007889ba
[202/18128]   → ok Campaign.ID=17886 OrderNumber=15087886
[203/18128] 55da399ee109800b007889bc
[203/18128]   → ok Campaign.ID=17887 OrderNumber=15087887
[204/18128] 55da399ee109800b007889bd
[204/18128]   → ok Campaign.ID=17888 OrderNumber=15087888
[205/18128] 55da399ee109800b007889bf
[205/18128]   → ok Campaign.ID=17889 OrderNumber=15087889
[206/18128] 55da399ee109800b007889c3
[206/18128]   → ok Campaign.ID=17890 OrderNumber=15087890
[207/18128] 55da399ee109800b007889c0
[207/18128]   → ok Campaign.ID=17891 OrderNumber=15087891
[208/18128] 55da399ee109800b007889c4
[208/18128]   → ok Campaign.ID=17892 OrderNumber=15087892
[209/18128] 55da399ee109800b007889c1
[209/18128]   → ok Campaign.ID=17893 OrderNumber=15087893
[210/18128] 55da399ee109800b007889cd
[210/18128]   → ok Campaign.ID=17894 OrderNumber=15087894
[211/18128] 55da399ee109800b007889ce
[211/18128]   → ok Campaign.ID=17895 OrderNumber=15087895
[212/18128] 55da399ee109800b007889d0
[212/18128]   → ok Campaign.ID=17896 OrderNumber=15087896
[213/18128] 55da399ee109800b007889d5
[213/18128]   → ok Campaign.ID=17897 OrderNumber=15087897
[214/18128] 55da399ee109800b007889c7
[214/18128]   → ok Campaign.ID=17898 OrderNumber=15087898
[215/18128] 55da399ee109800b007889c6
[215/18128]   → ok Campaign.ID=17899 OrderNumber=15087899
[216/18128] 55da399ee109800b007889cf
[216/18128]   → ok Campaign.ID=17900 OrderNumber=15087900
[217/18128] 55da399ee109800b007889d3
[217/18128]   → ok Campaign.ID=17901 OrderNumber=15087901
[218/18128] 55da399ee109800b007889ca
[218/18128]   → ok Campaign.ID=17902 OrderNumber=15087902
[219/18128] 55da399ee109800b007889d7
[219/18128]   → ok Campaign.ID=17903 OrderNumber=15087903
[220/18128] 55da399ee109800b007889d9
[220/18128]   → ok Campaign.ID=17904 OrderNumber=15087904
[221/18128] 55da399ee109800b007889db
[221/18128]   → ok Campaign.ID=17905 OrderNumber=15087905
[222/18128] 55da399ee109800b007889da
[222/18128]   → ok Campaign.ID=17906 OrderNumber=15087906
[223/18128] 55da399ee109800b007889dd
[223/18128]   → ok Campaign.ID=17907 OrderNumber=15087907
[224/18128] 55da399ee109800b007889de
[224/18128]   → ok Campaign.ID=17908 OrderNumber=15087908
[225/18128] 55da399ee109800b007889e7
[225/18128]   → ok Campaign.ID=17909 OrderNumber=15087909
[226/18128] 55da399ee109800b007889dc
[226/18128]   → ok Campaign.ID=17910 OrderNumber=15087910
[227/18128] 55da399ee109800b007889e8
[227/18128]   → ok Campaign.ID=17911 OrderNumber=15087911
[228/18128] 55da399ee109800b007889e9
[228/18128]   → ok Campaign.ID=17912 OrderNumber=15087912
[229/18128] 55da399ee109800b007889e4
[229/18128]   → ok Campaign.ID=17913 OrderNumber=15087913
[230/18128] 55da399ee109800b00788a06
[230/18128]   → ok Campaign.ID=17914 OrderNumber=15087914
[231/18128] 55da399ee109800b007889e6
[231/18128]   → ok Campaign.ID=17915 OrderNumber=15087915
[232/18128] 55da399ee109800b00788a08
[232/18128]   → ok Campaign.ID=17916 OrderNumber=15087916
[233/18128] 55da399ee109800b007889ee
[233/18128]   → ok Campaign.ID=17917 OrderNumber=15087917
[234/18128] 55da399ee109800b00788a09
[234/18128]   → ok Campaign.ID=17918 OrderNumber=15087918
[235/18128] 55da399ee109800b00788a0a
[235/18128]   → ok Campaign.ID=17919 OrderNumber=15087919
[236/18128] 55da399ee109800b007889ea
[236/18128]   → ok Campaign.ID=17920 OrderNumber=15087920
[237/18128] 55da399ee109800b00788a0b
[237/18128]   → ok Campaign.ID=17921 OrderNumber=15087921
[238/18128] 55da399ee109800b00788a0c
[238/18128]   → ok Campaign.ID=17922 OrderNumber=15087922
[239/18128] 55da399ee109800b00788a10
[239/18128]   → ok Campaign.ID=17923 OrderNumber=15087923
[240/18128] 55da399ee109800b00788a12
[240/18128]   → ok Campaign.ID=17924 OrderNumber=15087924
[241/18128] 55da399ee109800b00788a0d
[241/18128]   → ok Campaign.ID=17925 OrderNumber=15087925
[242/18128] 55da399ee109800b00788a11
[242/18128]   → ok Campaign.ID=17926 OrderNumber=15087926
[243/18128] 55da399ee109800b00788a14
[243/18128]   → ok Campaign.ID=17927 OrderNumber=15087927
[244/18128] 55da399ee109800b00788a16
[244/18128]   → ok Campaign.ID=17928 OrderNumber=15087928
[245/18128] 55da399ee109800b00788a15
[245/18128]   → ok Campaign.ID=17929 OrderNumber=15087929
[246/18128] 55da399ee109800b00788a17
[246/18128]   → ok Campaign.ID=17930 OrderNumber=15087930
[247/18128] 55da399ee109800b00788a1b
[247/18128]   → ok Campaign.ID=17931 OrderNumber=15087931
[248/18128] 55da399ee109800b00788a1d
[248/18128]   → ok Campaign.ID=17932 OrderNumber=15087932
[249/18128] 55da399ee109800b00788a1e
[249/18128]   → ok Campaign.ID=17933 OrderNumber=15087933
[250/18128] 55da399ee109800b00788a1f
[250/18128]   → ok Campaign.ID=17934 OrderNumber=15087934
[251/18128] 55da399ee109800b00788a26
[251/18128]   → ok Campaign.ID=17935 OrderNumber=15087935
[252/18128] 55da399ee109800b00788a28
[252/18128]   → ok Campaign.ID=17936 OrderNumber=15087936
[253/18128] 55da399ee109800b00788a24
[253/18128]   → ok Campaign.ID=17937 OrderNumber=15087937
[254/18128] 55da399ee109800b00788a20
[254/18128]   → ok Campaign.ID=17938 OrderNumber=15087938
[255/18128] 55da399ee109800b00788a29
[255/18128]   → ok Campaign.ID=17939 OrderNumber=15087939
[256/18128] 55da399ee109800b00788a2f
[256/18128]   → ok Campaign.ID=17940 OrderNumber=15087940
[257/18128] 55da399ee109800b00788a2d
[257/18128]   → ok Campaign.ID=17941 OrderNumber=15087941
[258/18128] 55da39a0e109800b00788a34
[258/18128]   → ok Campaign.ID=17942 OrderNumber=15087942
[259/18128] 55da399ee109800b00788a2c
[259/18128]   → ok Campaign.ID=17943 OrderNumber=15087943
[260/18128] 55da399ee109800b00788a30
[260/18128]   → ok Campaign.ID=17944 OrderNumber=15087944
[261/18128] 55da39a0e109800b00788a31
[261/18128]   → ok Campaign.ID=17945 OrderNumber=15087945
[262/18128] 55da39a0e109800b00788a32
[262/18128]   → ok Campaign.ID=17946 OrderNumber=15087946
[263/18128] 55da39a0e109800b00788a36
[263/18128]   → ok Campaign.ID=17947 OrderNumber=15087947
[264/18128] 55da39a0e109800b00788a35
[264/18128]   → ok Campaign.ID=17948 OrderNumber=15087948
[265/18128] 55da39a0e109800b00788a38
[265/18128]   → ok Campaign.ID=17949 OrderNumber=15087949
[266/18128] 55da39a0e109800b00788a40
[266/18128]   → ok Campaign.ID=17950 OrderNumber=15087950
[267/18128] 55da39a0e109800b00788a39
[267/18128]   → ok Campaign.ID=17951 OrderNumber=15087951
[268/18128] 55da39a0e109800b00788a3b
[268/18128]   → ok Campaign.ID=17952 OrderNumber=15087952
[269/18128] 55da39a0e109800b00788a3f
[269/18128]   → ok Campaign.ID=17953 OrderNumber=15087953
[270/18128] 55da39a0e109800b00788a44
[270/18128]   → ok Campaign.ID=17954 OrderNumber=15087954
[271/18128] 55da39a0e109800b00788a42
[271/18128]   → ok Campaign.ID=17955 OrderNumber=15087955
[272/18128] 55da39a0e109800b00788a43
[272/18128]   → ok Campaign.ID=17956 OrderNumber=15087956
[273/18128] 55da39a0e109800b00788a41
[273/18128]   → ok Campaign.ID=17957 OrderNumber=15087957
[274/18128] 55da399ee109800b00788a2a
[274/18128]   → ok Campaign.ID=17958 OrderNumber=15087958
[275/18128] 55da39a0e109800b00788a45
[275/18128]   → ok Campaign.ID=17959 OrderNumber=15087959
[276/18128] 55da39a0e109800b00788a46
[276/18128]   → ok Campaign.ID=17960 OrderNumber=15087960
[277/18128] 55da39a0e109800b00788a53
[277/18128]   → ok Campaign.ID=17961 OrderNumber=15087961
[278/18128] 55da39a0e109800b00788a4d
[278/18128]   → ok Campaign.ID=17962 OrderNumber=15087962
[279/18128] 55da39a0e109800b00788a50
[279/18128]   → ok Campaign.ID=17963 OrderNumber=15087963
[280/18128] 55da39a0e109800b00788a4f
[280/18128]   → ok Campaign.ID=17964 OrderNumber=15087964
[281/18128] 55da399ee109800b00788a27
[281/18128]   → ok Campaign.ID=17965 OrderNumber=15087965
[282/18128] 55da39a0e109800b00788a48
[282/18128]   → ok Campaign.ID=17966 OrderNumber=15087966
[283/18128] 55da39a0e109800b00788a54
[283/18128]   → ok Campaign.ID=17967 OrderNumber=15087967
[284/18128] 55da39a0e109800b00788a5e
[284/18128]   → ok Campaign.ID=17968 OrderNumber=15087968
[285/18128] 55da39a0e109800b00788a5b
[285/18128]   → ok Campaign.ID=17969 OrderNumber=15087969
[286/18128] 55da39a0e109800b00788a62
[286/18128]   → ok Campaign.ID=17970 OrderNumber=15087970
[287/18128] 55da39a0e109800b00788a68
[287/18128]   → ok Campaign.ID=17971 OrderNumber=15087971
[288/18128] 55da39a0e109800b00788a67
[288/18128]   → ok Campaign.ID=17972 OrderNumber=15087972
[289/18128] 55da39a0e109800b00788a6f
[289/18128]   → ok Campaign.ID=17973 OrderNumber=15087973
[290/18128] 55da39a0e109800b00788a71
[290/18128]   → ok Campaign.ID=17974 OrderNumber=15087974
[291/18128] 55da39a0e109800b00788a75
[291/18128]   → ok Campaign.ID=17975 OrderNumber=15087975
[292/18128] 55da39a0e109800b00788a77
[292/18128]   → ok Campaign.ID=17976 OrderNumber=15087976
[293/18128] 55da39a0e109800b00788a79
[293/18128]   → ok Campaign.ID=17977 OrderNumber=15087977
[294/18128] 55da39a0e109800b00788a7a
[294/18128]   → ok Campaign.ID=17978 OrderNumber=15087978
[295/18128] 55da39a0e109800b00788a7c
[295/18128]   → ok Campaign.ID=17979 OrderNumber=15087979
[296/18128] 55da39a0e109800b00788a7d
[296/18128]   → ok Campaign.ID=17980 OrderNumber=15087980
[297/18128] 55da39a0e109800b00788a7f
[297/18128]   → ok Campaign.ID=17981 OrderNumber=15087981
[298/18128] 55da39a0e109800b00788a85
[298/18128]   → ok Campaign.ID=17982 OrderNumber=15087982
[299/18128] 55da39a0e109800b00788a83
[299/18128]   → ok Campaign.ID=17983 OrderNumber=15087983
[300/18128] 55da39a0e109800b00788a81
[300/18128]   → ok Campaign.ID=17984 OrderNumber=15087984
[301/18128] 55da39a0e109800b00788a88
[301/18128]   → ok Campaign.ID=17985 OrderNumber=15087985
[302/18128] 55da39a0e109800b00788a86
[302/18128]   → ok Campaign.ID=17986 OrderNumber=15087986
[303/18128] 55da39a0e109800b00788a93
[303/18128]   → ok Campaign.ID=17987 OrderNumber=15087987
[304/18128] 55da39a0e109800b00788a87
[304/18128]   → ok Campaign.ID=17988 OrderNumber=15087988
[305/18128] 55da39a0e109800b00788a94
[305/18128]   → ok Campaign.ID=17989 OrderNumber=15087989
[306/18128] 55da39a0e109800b00788a8b
[306/18128]   → ok Campaign.ID=17990 OrderNumber=15087990
[307/18128] 55da39a0e109800b00788ad7
[307/18128]   → ok Campaign.ID=17991 OrderNumber=15087991
[308/18128] 55da39a0e109800b00788ad8
[308/18128]   → ok Campaign.ID=17992 OrderNumber=15087992
[309/18128] 55da39a0e109800b00788ad6
[309/18128]   → ok Campaign.ID=17993 OrderNumber=15087993
[310/18128] 55da39a0e109800b00788a8e
[310/18128]   → ok Campaign.ID=17994 OrderNumber=15087994
[311/18128] 55da39a0e109800b00788adc
[311/18128]   → ok Campaign.ID=17995 OrderNumber=15087995
[312/18128] 55da39a0e109800b00788ade
[312/18128]   → ok Campaign.ID=17996 OrderNumber=15087996
[313/18128] 55da39a0e109800b00788ae1
[313/18128]   → ok Campaign.ID=17997 OrderNumber=15087997
[314/18128] 55da39a0e109800b00788adf
[314/18128]   → ok Campaign.ID=17998 OrderNumber=15087998
[315/18128] 55da39a0e109800b00788ae0
[315/18128]   → ok Campaign.ID=17999 OrderNumber=15087999
[316/18128] 55da39a0e109800b00788ae2
[316/18128]   → ok Campaign.ID=18000 OrderNumber=15088000
[317/18128] 55da39a0e109800b00788ae3
[317/18128]   → ok Campaign.ID=18001 OrderNumber=15088001
[318/18128] 55da39a0e109800b00788a92
[318/18128]   → ok Campaign.ID=18002 OrderNumber=15088002
[319/18128] 55da39a0e109800b00788ae9
[319/18128]   → ok Campaign.ID=18003 OrderNumber=15088003
[320/18128] 55da39a0e109800b00788ae8
[320/18128]   → ok Campaign.ID=18004 OrderNumber=15088004
[321/18128] 55da39a0e109800b00788aea
[321/18128]   → ok Campaign.ID=18005 OrderNumber=15088005
[322/18128] 55da39a0e109800b00788aef
[322/18128]   → ok Campaign.ID=18006 OrderNumber=15088006
[323/18128] 55da39a0e109800b00788af0
[323/18128]   → ok Campaign.ID=18007 OrderNumber=15088007
[324/18128] 55da39a0e109800b00788af5
[324/18128]   → ok Campaign.ID=18008 OrderNumber=15088008
[325/18128] 55da39a0e109800b00788af2
[325/18128]   → ok Campaign.ID=18009 OrderNumber=15088009
[326/18128] 55da39a0e109800b00788af1
[326/18128]   → ok Campaign.ID=18010 OrderNumber=15088010
[327/18128] 55da39a0e109800b00788af4
[327/18128]   → ok Campaign.ID=18011 OrderNumber=15088011
[328/18128] 55da39a0e109800b00788afa
[328/18128]   → ok Campaign.ID=18012 OrderNumber=15088012
[329/18128] 55da39a0e109800b00788af9
[329/18128]   → ok Campaign.ID=18013 OrderNumber=15088013
[330/18128] 55da39a0e109800b00788af7
[330/18128]   → ok Campaign.ID=18014 OrderNumber=15088014
[331/18128] 55da39a0e109800b00788af6
[331/18128]   → ok Campaign.ID=18015 OrderNumber=15088015
[332/18128] 55da39a0e109800b00788afc
[332/18128]   → ok Campaign.ID=18016 OrderNumber=15088016
[333/18128] 55da39a0e109800b00788b03
[333/18128]   → ok Campaign.ID=18017 OrderNumber=15088017
[334/18128] 55da39a0e109800b00788b00
[334/18128]   → ok Campaign.ID=18018 OrderNumber=15088018
[335/18128] 55da39a0e109800b00788afb
[335/18128]   → ok Campaign.ID=18019 OrderNumber=15088019
[336/18128] 55da39a0e109800b00788afe
[336/18128]   → ok Campaign.ID=18020 OrderNumber=15088020
[337/18128] 55da39a0e109800b00788b07
[337/18128]   → ok Campaign.ID=18021 OrderNumber=15088021
[338/18128] 55da39a0e109800b00788b04
[338/18128]   → ok Campaign.ID=18022 OrderNumber=15088022
[339/18128] 55da39a0e109800b00788b01
[339/18128]   → ok Campaign.ID=18023 OrderNumber=15088023
[340/18128] 55da39a0e109800b00788b08
[340/18128]   → ok Campaign.ID=18024 OrderNumber=15088024
[341/18128] 55da39a0e109800b00788b0b
[341/18128]   → ok Campaign.ID=18025 OrderNumber=15088025
[342/18128] 55da39a0e109800b00788b09
[342/18128]   → ok Campaign.ID=18026 OrderNumber=15088026
[343/18128] 55da39a0e109800b00788b0c
[343/18128]   → ok Campaign.ID=18027 OrderNumber=15088027
[344/18128] 55da39a0e109800b00788b0d
[344/18128]   → ok Campaign.ID=18028 OrderNumber=15088028
[345/18128] 55da39a0e109800b00788b0e
[345/18128]   → ok Campaign.ID=18029 OrderNumber=15088029
[346/18128] 55da39a0e109800b00788b2a
[346/18128]   → ok Campaign.ID=18030 OrderNumber=15088030
[347/18128] 55da39a0e109800b00788b29
[347/18128]   → ok Campaign.ID=18031 OrderNumber=15088031
[348/18128] 55da39a0e109800b00788b10
[348/18128]   → ok Campaign.ID=18032 OrderNumber=15088032
[349/18128] 55da39a0e109800b00788b11
[349/18128]   → ok Campaign.ID=18033 OrderNumber=15088033
[350/18128] 55da39a0e109800b00788b34
[350/18128]   → ok Campaign.ID=18034 OrderNumber=15088034
[351/18128] 55da39a0e109800b00788b33
[351/18128]   → ok Campaign.ID=18035 OrderNumber=15088035
[352/18128] 55da39a0e109800b00788b35
[352/18128]   → ok Campaign.ID=18036 OrderNumber=15088036
[353/18128] 55da39a0e109800b00788b37
[353/18128]   → ok Campaign.ID=18037 OrderNumber=15088037
[354/18128] 55da39a0e109800b00788b36
[354/18128]   → ok Campaign.ID=18038 OrderNumber=15088038
[355/18128] 55da39a0e109800b00788b38
[355/18128]   → ok Campaign.ID=18039 OrderNumber=15088039
[356/18128] 55da39a0e109800b00788b39
[356/18128]   → ok Campaign.ID=18040 OrderNumber=15088040
[357/18128] 55da39a0e109800b00788b3e
[357/18128]   → ok Campaign.ID=18041 OrderNumber=15088041
[358/18128] 55da39a0e109800b00788b41
[358/18128]   → ok Campaign.ID=18042 OrderNumber=15088042
[359/18128] 55da39a0e109800b00788b3a
[359/18128]   → ok Campaign.ID=18043 OrderNumber=15088043
[360/18128] 55da39a0e109800b00788b40
[360/18128]   → ok Campaign.ID=18044 OrderNumber=15088044
[361/18128] 55da39a0e109800b00788b3f
[361/18128]   → ok Campaign.ID=18045 OrderNumber=15088045
[362/18128] 55da39a0e109800b00788b44
[362/18128]   → ok Campaign.ID=18046 OrderNumber=15088046
[363/18128] 55da39a0e109800b00788b43
[363/18128]   → ok Campaign.ID=18047 OrderNumber=15088047
[364/18128] 55da39a0e109800b00788b45
[364/18128]   → ok Campaign.ID=18048 OrderNumber=15088048
[365/18128] 55da39a0e109800b00788b46
[365/18128]   → ok Campaign.ID=18049 OrderNumber=15088049
[366/18128] 55da39a0e109800b00788c48
[366/18128]   → ok Campaign.ID=18050 OrderNumber=15088050
[367/18128] 55da39a0e109800b00788b4a
[367/18128]   → ok Campaign.ID=18051 OrderNumber=15088051
[368/18128] 55da39a0e109800b00788c47
[368/18128]   → ok Campaign.ID=18052 OrderNumber=15088052
[369/18128] 55da39a0e109800b00788b48
[369/18128]   → ok Campaign.ID=18053 OrderNumber=15088053
[370/18128] 55da39a0e109800b00788c4b
[370/18128]   → ok Campaign.ID=18054 OrderNumber=15088054
[371/18128] 55da39a0e109800b00788b49
[371/18128]   → ok Campaign.ID=18055 OrderNumber=15088055
[372/18128] 55da39a0e109800b00788c49
[372/18128]   → ok Campaign.ID=18056 OrderNumber=15088056
[373/18128] 55da39a0e109800b00788c4a
[373/18128]   → ok Campaign.ID=18057 OrderNumber=15088057
[374/18128] 55da39a0e109800b00788c4f
[374/18128]   → ok Campaign.ID=18058 OrderNumber=15088058
[375/18128] 55da39a0e109800b00788c51
[375/18128]   → ok Campaign.ID=18059 OrderNumber=15088059
[376/18128] 55da39a0e109800b00788c55
[376/18128]   → ok Campaign.ID=18060 OrderNumber=15088060
[377/18128] 55da39a0e109800b00788c56
[377/18128]   → ok Campaign.ID=18061 OrderNumber=15088061
[378/18128] 55da39a0e109800b00788c58
[378/18128]   → ok Campaign.ID=18062 OrderNumber=15088062
[379/18128] 55da39a0e109800b00788c5a
[379/18128]   → ok Campaign.ID=18063 OrderNumber=15088063
[380/18128] 55da39a0e109800b00788c59
[380/18128]   → ok Campaign.ID=18064 OrderNumber=15088064
[381/18128] 55da39a0e109800b00788c7c
[381/18128]   → ok Campaign.ID=18065 OrderNumber=15088065
[382/18128] 55da39a0e109800b00788c7d
[382/18128]   → ok Campaign.ID=18066 OrderNumber=15088066
[383/18128] 55da39a0e109800b00788cad
[383/18128]   → ok Campaign.ID=18067 OrderNumber=15088067
[384/18128] 55da39a0e109800b00788cd5
[384/18128]   → ok Campaign.ID=18068 OrderNumber=15088068
[385/18128] 55da39a0e109800b00788d0e
[385/18128]   → ok Campaign.ID=18069 OrderNumber=15088069
[386/18128] 55da39a0e109800b00788d14
[386/18128]   → ok Campaign.ID=18070 OrderNumber=15088070
[387/18128] 55da39a0e109800b00788d15
[387/18128]   → ok Campaign.ID=18071 OrderNumber=15088071
[388/18128] 55da39a0e109800b00788d17
[388/18128]   → ok Campaign.ID=18072 OrderNumber=15088072
[389/18128] 55da39a0e109800b00788d16
[389/18128]   → ok Campaign.ID=18073 OrderNumber=15088073
[390/18128] 55da39a0e109800b00788d18
[390/18128]   → ok Campaign.ID=18074 OrderNumber=15088074
[391/18128] 55da39a0e109800b00788d1d
[391/18128]   → ok Campaign.ID=18075 OrderNumber=15088075
[392/18128] 55da39a0e109800b00788d1c
[392/18128]   → ok Campaign.ID=18076 OrderNumber=15088076
[393/18128] 55da39a0e109800b00788d1a
[393/18128]   → ok Campaign.ID=18077 OrderNumber=15088077
[394/18128] 55da39a0e109800b00788d1b
[394/18128]   → ok Campaign.ID=18078 OrderNumber=15088078
[395/18128] 55da39a0e109800b00788c4c
[395/18128]   → ok Campaign.ID=18079 OrderNumber=15088079
[396/18128] 55da39a0e109800b00788d19
[396/18128]   → ok Campaign.ID=18080 OrderNumber=15088080
[397/18128] 55da39a0e109800b00788d1e
[397/18128]   → ok Campaign.ID=18081 OrderNumber=15088081
[398/18128] 55da39a0e109800b00788d1f
[398/18128]   → ok Campaign.ID=18082 OrderNumber=15088082
[399/18128] 55da39a1e109800b00789064
[399/18128]   → ok Campaign.ID=18083 OrderNumber=15088083
[400/18128] 55da39a1e109800b00789063
[400/18128]   → ok Campaign.ID=18084 OrderNumber=15088084
[401/18128] 55da39a1e109800b00789065
[401/18128]   → ok Campaign.ID=18085 OrderNumber=15088085
[402/18128] 55da39a1e109800b00789066
[402/18128]   → ok Campaign.ID=18086 OrderNumber=15088086
[403/18128] 55da39a1e109800b00789067
[403/18128]   → ok Campaign.ID=18087 OrderNumber=15088087
[404/18128] 55da39a1e109800b00789069
[404/18128]   → ok Campaign.ID=18088 OrderNumber=15088088
[405/18128] 55da39a1e109800b0078906b
[405/18128]   → ok Campaign.ID=18089 OrderNumber=15088089
[406/18128] 55da39a1e109800b0078906a
[406/18128]   → ok Campaign.ID=18090 OrderNumber=15088090
[407/18128] 55da39a1e109800b0078906e
[407/18128]   → ok Campaign.ID=18091 OrderNumber=15088091
[408/18128] 55da39a1e109800b0078906c
[408/18128]   → ok Campaign.ID=18092 OrderNumber=15088092
[409/18128] 55da39a1e109800b0078906d
[409/18128]   → ok Campaign.ID=18093 OrderNumber=15088093
[410/18128] 55da39a1e109800b00789071
[410/18128]   → ok Campaign.ID=18094 OrderNumber=15088094
[411/18128] 55da39a0e109800b00788c4d
[411/18128]   → ok Campaign.ID=18095 OrderNumber=15088095
[412/18128] 55da39a1e109800b00789073
[412/18128]   → ok Campaign.ID=18096 OrderNumber=15088096
[413/18128] 55da39a1e109800b00789074
[413/18128]   → ok Campaign.ID=18097 OrderNumber=15088097
[414/18128] 55da39a1e109800b00789078
[414/18128]   → ok Campaign.ID=18098 OrderNumber=15088098
[415/18128] 55da39a1e109800b00789096
[415/18128]   → ok Campaign.ID=18099 OrderNumber=15088099
[416/18128] 55da39a1e109800b00789095
[416/18128]   → ok Campaign.ID=18100 OrderNumber=15088100
[417/18128] 55da39a1e109800b00789098
[417/18128]   → ok Campaign.ID=18101 OrderNumber=15088101
[418/18128] 55da39a1e109800b007890d6
[418/18128]   → ok Campaign.ID=18102 OrderNumber=15088102
[419/18128] 55da39a1e109800b007890e6
[419/18128]   → ok Campaign.ID=18103 OrderNumber=15088103
[420/18128] 55da39a1e109800b00789097
[420/18128]   → ok Campaign.ID=18104 OrderNumber=15088104
[421/18128] 55da39a1e109800b00789156
[421/18128]   → ok Campaign.ID=18105 OrderNumber=15088105
[422/18128] 55da39a1e109800b00789159
[422/18128]   → ok Campaign.ID=18106 OrderNumber=15088106
[423/18128] 55da39a1e109800b00789153
[423/18128]   → ok Campaign.ID=18107 OrderNumber=15088107
[424/18128] 55da39a1e109800b00789157
[424/18128]   → ok Campaign.ID=18108 OrderNumber=15088108
[425/18128] 55da39a1e109800b0078914b
[425/18128]   → ok Campaign.ID=18109 OrderNumber=15088109
[426/18128] 55da39a1e109800b0078914a
[426/18128]   → ok Campaign.ID=18110 OrderNumber=15088110
[427/18128] 55da39a1e109800b0078915a
[427/18128]   → ok Campaign.ID=18111 OrderNumber=15088111
[428/18128] 55da39a1e109800b0078915b
[428/18128]   → ok Campaign.ID=18112 OrderNumber=15088112
[429/18128] 55da39a1e109800b0078915e
[429/18128]   → ok Campaign.ID=18113 OrderNumber=15088113
[430/18128] 55da39a1e109800b0078915c
[430/18128]   → ok Campaign.ID=18114 OrderNumber=15088114
[431/18128] 55da39a1e109800b0078915d
[431/18128]   → ok Campaign.ID=18115 OrderNumber=15088115
[432/18128] 55da39a1e109800b0078915f
[432/18128]   → ok Campaign.ID=18116 OrderNumber=15088116
[433/18128] 55da39a1e109800b007891b7
[433/18128]   → ok Campaign.ID=18117 OrderNumber=15088117
[434/18128] 55da39a1e109800b007891b6
[434/18128]   → ok Campaign.ID=18118 OrderNumber=15088118
[435/18128] 55da39a1e109800b007891b8
[435/18128]   → ok Campaign.ID=18119 OrderNumber=15088119
[436/18128] 55da39a1e109800b007891b9
[436/18128]   → ok Campaign.ID=18120 OrderNumber=15088120
[437/18128] 55da39a1e109800b0078943a
[437/18128]   → ok Campaign.ID=18121 OrderNumber=15088121
[438/18128] 55da39a1e109800b00789158
[438/18128]   → ok Campaign.ID=18122 OrderNumber=15088122
[439/18128] 55da39a1e109800b007891d8
[439/18128]   → ok Campaign.ID=18123 OrderNumber=15088123
[440/18128] 55da39a2e109800b007898e3
[440/18128]   → ok Campaign.ID=18124 OrderNumber=15088124
[441/18128] 55da39a2e109800b007898e6
[441/18128]   → ok Campaign.ID=18125 OrderNumber=15088125
[442/18128] 55da39a2e109800b007898e5
[442/18128]   → ok Campaign.ID=18126 OrderNumber=15088126
[443/18128] 55da39a2e109800b007898ef
[443/18128]   → ok Campaign.ID=18127 OrderNumber=15088127
[444/18128] 55da39a2e109800b007898e8
[444/18128]   → ok Campaign.ID=18128 OrderNumber=15088128
[445/18128] 55da39a2e109800b007898fe
[445/18128]   → ok Campaign.ID=18129 OrderNumber=15088129
[446/18128] 55da39a1e109800b00789077
[446/18128]   → ok Campaign.ID=18130 OrderNumber=15088130
[447/18128] 55da39a2e109800b00789907
[447/18128]   → ok Campaign.ID=18131 OrderNumber=15088131
[448/18128] 55da39a2e109800b00789908
[448/18128]   → ok Campaign.ID=18132 OrderNumber=15088132
[449/18128] 55da39a2e109800b00789909
[449/18128]   → ok Campaign.ID=18133 OrderNumber=15088133
[450/18128] 55da39a2e109800b007899d1
[450/18128]   → ok Campaign.ID=18134 OrderNumber=15088134
[451/18128] 55da39a2e109800b007899d2
[451/18128]   → ok Campaign.ID=18135 OrderNumber=15088135
[452/18128] 55da39a2e109800b007899d3
[452/18128]   → ok Campaign.ID=18136 OrderNumber=15088136
[453/18128] 55da39a2e109800b007899d4
[453/18128]   → ok Campaign.ID=18137 OrderNumber=15088137
[454/18128] 55da39a2e109800b007899d7
[454/18128]   → ok Campaign.ID=18138 OrderNumber=15088138
[455/18128] 55da39a2e109800b007899d8
[455/18128]   → ok Campaign.ID=18139 OrderNumber=15088139
[456/18128] 55da39a2e109800b007899d9
[456/18128]   → ok Campaign.ID=18140 OrderNumber=15088140
[457/18128] 55da39a2e109800b007899da
[457/18128]   → ok Campaign.ID=18141 OrderNumber=15088141
[458/18128] 55da39a2e109800b007899f3
[458/18128]   → ok Campaign.ID=18142 OrderNumber=15088142
[459/18128] 55da39a2e109800b007899f4
[459/18128]   → ok Campaign.ID=18143 OrderNumber=15088143
[460/18128] 55da39a2e109800b00789a31
[460/18128]   → ok Campaign.ID=18144 OrderNumber=15088144
[461/18128] 55da39a2e109800b00789a32
[461/18128]   → ok Campaign.ID=18145 OrderNumber=15088145
[462/18128] 55da39a2e109800b00789906
[462/18128]   → ok Campaign.ID=18146 OrderNumber=15088146
[463/18128] 55da39a2e109800b00789a33
[463/18128]   → ok Campaign.ID=18147 OrderNumber=15088147
[464/18128] 55da39a2e109800b00789a36
[464/18128]   → ok Campaign.ID=18148 OrderNumber=15088148
[465/18128] 55da39a2e109800b00789a34
[465/18128]   → ok Campaign.ID=18149 OrderNumber=15088149
[466/18128] 55da39a2e109800b00789a35
[466/18128]   → ok Campaign.ID=18150 OrderNumber=15088150
[467/18128] 55da39a2e109800b007898f3
[467/18128]   → ok Campaign.ID=18151 OrderNumber=15088151
[468/18128] 55da39a2e109800b00789a37
[468/18128]   → ok Campaign.ID=18152 OrderNumber=15088152
[469/18128] 55da39a2e109800b00789a38
[469/18128]   → ok Campaign.ID=18153 OrderNumber=15088153
[470/18128] 55da39a2e109800b00789a4b
[470/18128]   → ok Campaign.ID=18154 OrderNumber=15088154
[471/18128] 55da39a2e109800b00789a53
[471/18128]   → ok Campaign.ID=18155 OrderNumber=15088155
[472/18128] 55da39a2e109800b00789eda
[472/18128]   → ok Campaign.ID=18156 OrderNumber=15088156
[473/18128] 55da39a2e109800b00789edc
[473/18128]   → ok Campaign.ID=18157 OrderNumber=15088157
[474/18128] 55da39a2e109800b00789edd
[474/18128]   → ok Campaign.ID=18158 OrderNumber=15088158
[475/18128] 55da39a2e109800b00789ed9
[475/18128]   → ok Campaign.ID=18159 OrderNumber=15088159
[476/18128] 55da39a2e109800b00789ee0
[476/18128]   → ok Campaign.ID=18160 OrderNumber=15088160
[477/18128] 55da39a2e109800b00789ef7
[477/18128]   → ok Campaign.ID=18161 OrderNumber=15088161
[478/18128] 55da39a2e109800b00789ef9
[478/18128]   → ok Campaign.ID=18162 OrderNumber=15088162
[479/18128] 55da39a2e109800b00789ee2
[479/18128]   → ok Campaign.ID=18163 OrderNumber=15088163
[480/18128] 55da39a2e109800b00789f86
[480/18128]   → ok Campaign.ID=18164 OrderNumber=15088164
[481/18128] 55da39a2e109800b00789f87
[481/18128]   → ok Campaign.ID=18165 OrderNumber=15088165
[482/18128] 55da39a2e109800b00789ffe
[482/18128]   → ok Campaign.ID=18166 OrderNumber=15088166
[483/18128] 55da39a2e109800b00789ffc
[483/18128]   → ok Campaign.ID=18167 OrderNumber=15088167
[484/18128] 55da39a2e109800b00789fff
[484/18128]   → ok Campaign.ID=18168 OrderNumber=15088168
[485/18128] 55da39a2e109800b0078a000
[485/18128]   → ok Campaign.ID=18169 OrderNumber=15088169
[486/18128] 55da39a2e109800b0078a001
[486/18128]   → ok Campaign.ID=18170 OrderNumber=15088170
[487/18128] 55da39a2e109800b00789a56
[487/18128]   → ok Campaign.ID=18171 OrderNumber=15088171
[488/18128] 55da39a2e109800b0078a005
[488/18128]   → ok Campaign.ID=18172 OrderNumber=15088172
[489/18128] 55da39a2e109800b0078a004
[489/18128]   → ok Campaign.ID=18173 OrderNumber=15088173
[490/18128] 55da39a2e109800b00789edb
[490/18128]   → ok Campaign.ID=18174 OrderNumber=15088174
[491/18128] 55da39a2e109800b0078a002
[491/18128]   → ok Campaign.ID=18175 OrderNumber=15088175
[492/18128] 55da39a2e109800b0078a05c
[492/18128]   → ok Campaign.ID=18176 OrderNumber=15088176
[493/18128] 55da39a2e109800b0078a022
[493/18128]   → ok Campaign.ID=18177 OrderNumber=15088177
[494/18128] 55da39a2e109800b0078a05d
[494/18128]   → FAILED: operation timed out for an unknown reason
[495/18128] 55da39a2e109800b0078a030
[495/18128]   → FAILED: Failed to connect to 20.118.225.243:1433 - Could not connect (sequence)
[496/18128] 55da39a2e109800b0078a023
[496/18128]   → FAILED: Failed to connect to 20.118.225.243:1433 - Could not connect (sequence)
[497/18128] 55da39a2e109800b0078a084
[497/18128]   → FAILED: Failed to connect to 20.118.225.243:1433 - Could not connect (sequence)
[498/18128] 55da39a2e109800b0078a086
[498/18128]   → FAILED: Failed to connect to 20.118.225.243:1433 - Could not connect (sequence)
[499/18128] 55da39a2e109800b0078a085
[499/18128]   → FAILED: Failed to connect to 20.118.225.243:1433 - Could not connect (sequence)
[500/18128] 55da39a2e109800b0078a083
[500/18128]   → ok Campaign.ID=18179 OrderNumber=15088179
[501/18128] 55da39a2e109800b0078a08d
[501/18128]   → FAILED: Failed to cancel request in 5000ms
[502/18128] 55da39a2e109800b0078a09d
[502/18128]   → ok Campaign.ID=18181 OrderNumber=15088181
[503/18128] 55da39a2e109800b0078a0a2
[503/18128]   → ok Campaign.ID=18182 OrderNumber=15088182
[504/18128] 55da39a2e109800b0078a0cd
[504/18128]   → ok Campaign.ID=18183 OrderNumber=15088183
[505/18128] 55db51471f5c790b004dfc49
[505/18128]   → ok Campaign.ID=18184 OrderNumber=15088184
[506/18128] 55db4f881f5c790b004dfc46
[506/18128]   → ok Campaign.ID=18185 OrderNumber=15088185
[507/18128] 55db54131f5c790b004dfc4d
[507/18128]   → ok Campaign.ID=18186 OrderNumber=15088186
[508/18128] 55da39a2e109800b0078a0a3
[508/18128]   → ok Campaign.ID=18187 OrderNumber=15088187
[509/18128] 55db736f1f5c790b004dfc77
[509/18128]   → ok Campaign.ID=18188 OrderNumber=15088188
[510/18128] 55de2ee6d6e7580b0061b008
[510/18128]   → ok Campaign.ID=18189 OrderNumber=15088189
[511/18128] 55dcef8b4928c90b00df80d5
[511/18128]   → ok Campaign.ID=18190 OrderNumber=15088190
[512/18128] 55df439f5316600b002fb94c
[512/18128]   → ok Campaign.ID=18191 OrderNumber=15088191
[513/18128] 55dce0044928c90b00df80d1
[513/18128]   → ok Campaign.ID=18192 OrderNumber=15088192
[514/18128] 55de2b25d6e7580b0061b003
[514/18128]   → ok Campaign.ID=18193 OrderNumber=15088193
[515/18128] 55df36e3c227ca0b00750806
[515/18128]   → ok Campaign.ID=18194 OrderNumber=15088194
[516/18128] 55da39a2e109800b0078a0a0
[516/18128]   → ok Campaign.ID=18195 OrderNumber=15088195
[517/18128] 55df69c015c2160b0075c1c3
[517/18128]   → ok Campaign.ID=18196 OrderNumber=15088196
[518/18128] 55df6d4e15c2160b0075c1c6
[518/18128]   → ok Campaign.ID=18197 OrderNumber=15088197
[519/18128] 55df6ecc15c2160b0075c1d5
[519/18128]   → ok Campaign.ID=18198 OrderNumber=15088198
[520/18128] 55df7d2d15c2160b0075c1e8
[520/18128]   → ok Campaign.ID=18199 OrderNumber=15088199
[521/18128] 55df988d15c2160b0075c1f6
[521/18128]   → ok Campaign.ID=18200 OrderNumber=15088200
[522/18128] 55e4b83bb4f8360b0035d7b7
[522/18128]   → ok Campaign.ID=18201 OrderNumber=15098201
[523/18128] 55e48aa6b06dc20b005024dd
[523/18128]   → ok Campaign.ID=18202 OrderNumber=15088202
[524/18128] 55e4d711b4f8360b0035d7dd
[524/18128]   → ok Campaign.ID=18203 OrderNumber=15098203
[525/18128] 55df660f15c2160b0075c19c
[525/18128]   → ok Campaign.ID=18204 OrderNumber=15088204
[526/18128] 55e868d50516ac0b00dccdc8
[526/18128]   → ok Campaign.ID=18205 OrderNumber=15098205
[527/18128] 55e889770516ac0b00dccdcb
[527/18128]   → ok Campaign.ID=18206 OrderNumber=15098206
[528/18128] 55e8b33a0516ac0b00dccdce
[528/18128]   → ok Campaign.ID=18207 OrderNumber=15098207
[529/18128] 55df441e5316600b002fb94e
[529/18128]   → ok Campaign.ID=18208 OrderNumber=15088208
[530/18128] 55e74211c1bcae0b0098996e
[530/18128]   → ok Campaign.ID=18209 OrderNumber=15098209
[531/18128] 55e8d3440516ac0b00dccdd5
[531/18128]   → ok Campaign.ID=18210 OrderNumber=15098210
[532/18128] 55e8d68c0516ac0b00dccdd8
[532/18128]   → ok Campaign.ID=18211 OrderNumber=15098211
[533/18128] 55da39a2e109800b0078a0a1
[533/18128]   → ok Campaign.ID=18212 OrderNumber=15088212
[534/18128] 55ea072f1f13e80b0089e757
[534/18128]   → ok Campaign.ID=18213 OrderNumber=15098213
[535/18128] 55ea08f11f13e80b0089e75b
[535/18128]   → ok Campaign.ID=18214 OrderNumber=15098214
[536/18128] 55e8d0650516ac0b00dccdd2
[536/18128]   → ok Campaign.ID=18215 OrderNumber=15098215
[537/18128] 55ef6a7c36bbcf0b0090c77f
[537/18128]   → ok Campaign.ID=18216 OrderNumber=15098216
[538/18128] 55f0c843d640900b0030a0fb
[538/18128]   → ok Campaign.ID=18217 OrderNumber=15098217
[539/18128] 55f0c9d3d640900b0030a4fa
[539/18128]   → ok Campaign.ID=18218 OrderNumber=15098218
[540/18128] 55ef698336bbcf0b0090c775
[540/18128]   → ok Campaign.ID=18219 OrderNumber=15098219
[541/18128] 55f343e40c23b10b007e4f92
[541/18128]   → ok Campaign.ID=18220 OrderNumber=15098220
[542/18128] 55fb02ecd29e410b00d24e6b
[542/18128]   → ok Campaign.ID=18221 OrderNumber=15098221
[543/18128] 55f3487e703f620b008160d6
[543/18128]   → ok Campaign.ID=18222 OrderNumber=15098222
[544/18128] 55fb1eadf62fb00b0064d9bc
[544/18128]   → ok Campaign.ID=18223 OrderNumber=15098223
[545/18128] 5609aff09948520b006076f1
[545/18128]   → ok Campaign.ID=18224 OrderNumber=15098224
[546/18128] 560d7092669a910b006e5856
[546/18128]   → ok Campaign.ID=18225 OrderNumber=15108225
[547/18128] 5617f5e4b791a20b00c5651b
[547/18128]   → ok Campaign.ID=18226 OrderNumber=15108226
[548/18128] 56201085ec3f600b00dc58d9
[548/18128]   → ok Campaign.ID=18227 OrderNumber=15108227
[549/18128] 562141ea4c173b0b00db5634
[549/18128]   → ok Campaign.ID=18228 OrderNumber=15108228
[550/18128] 563b95c7c2fc9f0b00dc4ab1
[550/18128]   → ok Campaign.ID=18229 OrderNumber=15118229
[551/18128] 563b999bc2fc9f0b00dc4ab7
[551/18128]   → ok Campaign.ID=18230 OrderNumber=15118230
[552/18128] 563baa8cc2fc9f0b00dc4ace
[552/18128]   → ok Campaign.ID=18231 OrderNumber=15118231
[553/18128] 563bac31c2fc9f0b00dc4ad0
[553/18128]   → ok Campaign.ID=18232 OrderNumber=15118232
[554/18128] 563bb5a1c2fc9f0b00dc4ad7
[554/18128]   → ok Campaign.ID=18233 OrderNumber=15118233
[555/18128] 56423c728471f10b009cbd44
[555/18128]   → ok Campaign.ID=18234 OrderNumber=15118234
[556/18128] 5644d1414b1e200b00f4febd
[556/18128]   → ok Campaign.ID=18235 OrderNumber=15118235
[557/18128] 5641255d417f890b00fef81f
[557/18128]   → ok Campaign.ID=18236 OrderNumber=15118236
[558/18128] 564f685a6019e90b003c3ce0
[558/18128]   → ok Campaign.ID=18237 OrderNumber=15118237
[559/18128] 565ccf857b1f9b0b003f762f
[559/18128]   → ok Campaign.ID=18238 OrderNumber=15128238
[560/18128] 565cf8337b1f9b0b003f7654
[560/18128]   → ok Campaign.ID=18239 OrderNumber=15128239
[561/18128] 5668b884f714ea0b00acfb69
[561/18128]   → ok Campaign.ID=18240 OrderNumber=15128240
[562/18128] 566882734cb6590b0099ecb4
[562/18128]   → ok Campaign.ID=18241 OrderNumber=15128241
[563/18128] 566f1b37f8281d0b0023a563
[563/18128]   → ok Campaign.ID=18242 OrderNumber=15128242
[564/18128] 5669c4c2e51b410b00285cb2
[564/18128]   → ok Campaign.ID=18243 OrderNumber=15128243
[565/18128] 5671f60f3da72f0b007dcee4
[565/18128]   → ok Campaign.ID=18244 OrderNumber=15128244
[566/18128] 5671f6853da72f0b007dcee6
[566/18128]   → ok Campaign.ID=18245 OrderNumber=15128245
[567/18128] 5671f6dd3da72f0b007dcee8
[567/18128]   → ok Campaign.ID=18246 OrderNumber=15128246
[568/18128] 5670ad85801ed80b0055dabb
[568/18128]   → ok Campaign.ID=18247 OrderNumber=15128247
[569/18128] 5671f7b73da72f0b007dceeb
[569/18128]   → ok Campaign.ID=18248 OrderNumber=15128248
[570/18128] 56743f9cc8e2cb0b00919389
[570/18128]   → ok Campaign.ID=18249 OrderNumber=15128249
[571/18128] 567861aa2aa60e0b00d63f71
[571/18128]   → ok Campaign.ID=18250 OrderNumber=15128250
[572/18128] 568c04070f3aeb0b00ae6f65
[572/18128]   → ok Campaign.ID=18251 OrderNumber=16018251
[573/18128] 56905e01d0100a0b00ccd1d5
[573/18128]   → ok Campaign.ID=18252 OrderNumber=16018252
[574/18128] 569054e8d0100a0b00ccd19a
[574/18128]   → ok Campaign.ID=18253 OrderNumber=16018253
[575/18128] 56982ff12367820b0087198e
[575/18128]   → ok Campaign.ID=18254 OrderNumber=16018254
[576/18128] 56984593ed04ce0b00acfc85
[576/18128]   → ok Campaign.ID=18255 OrderNumber=16018255
[577/18128] 56a7c807f4ef780b0070c1ed
[577/18128]   → ok Campaign.ID=18256 OrderNumber=16018256
[578/18128] 56a7f45df4ef780b0070c263
[578/18128]   → ok Campaign.ID=18257 OrderNumber=16018257
[579/18128] 56aaa1d92547b10b00219c2e
[579/18128]   → ok Campaign.ID=18258 OrderNumber=16018258
[580/18128] 56abae393a34190b00d31864
[580/18128]   → ok Campaign.ID=18259 OrderNumber=16018259
[581/18128] 56afb5386516880b00480cbb
[581/18128]   → ok Campaign.ID=18260 OrderNumber=16028260
[582/18128] 56b286faa4c2dc0b00668e96
[582/18128]   → ok Campaign.ID=18261 OrderNumber=16028261
[583/18128] 56c2199672eb3c0b004b7900
[583/18128]   → ok Campaign.ID=18262 OrderNumber=16028262
[584/18128] 56ccaf9f69b9480b00990281
[584/18128]   → ok Campaign.ID=18263 OrderNumber=16028263
[585/18128] 56ccaa2447bc5b0b006e6ede
[585/18128]   → ok Campaign.ID=18264 OrderNumber=16028264
[586/18128] 56ccad1947bc5b0b006e6f08
[586/18128]   → ok Campaign.ID=18265 OrderNumber=16028265
[587/18128] 56ce04917052330b002f8dca
[587/18128]   → ok Campaign.ID=18266 OrderNumber=16028266
[588/18128] 56ce05101a33630b00ab6fd2
[588/18128]   → ok Campaign.ID=18267 OrderNumber=16028267
[589/18128] 56dc8b56c965000b00756ed3
[589/18128]   → ok Campaign.ID=18268 OrderNumber=16038268
[590/18128] 56d0e03a2c7a470b00dc046a
[590/18128]   → ok Campaign.ID=18269 OrderNumber=16028269
[591/18128] 56f46908a0c0880b004f4108
[591/18128]   → ok Campaign.ID=18270 OrderNumber=16038270
[592/18128] 56fc42721f4b120b00eebf07
[592/18128]   → ok Campaign.ID=18271 OrderNumber=16038271
[593/18128] 56fc4d311f4b120b00eebf09
[593/18128]   → ok Campaign.ID=18272 OrderNumber=16038272
[594/18128] 5702e7d8c97ea90b00456abf
[594/18128]   → ok Campaign.ID=18273 OrderNumber=16048273
[595/18128] 5706d8f8b7d0430b000f6214
[595/18128]   → ok Campaign.ID=18274 OrderNumber=16048274
[596/18128] 570d3b8c715bc30b0057b48f
[596/18128]   → ok Campaign.ID=18275 OrderNumber=16048275
[597/18128] 5717caf5a833670b00d32349
[597/18128]   → ok Campaign.ID=18276 OrderNumber=16048276
[598/18128] 5717cc8aa833670b00d3234a
[598/18128]   → ok Campaign.ID=18277 OrderNumber=16048277
[599/18128] 5721355bf8ad8c0b00a95b72
[599/18128]   → ok Campaign.ID=18278 OrderNumber=16048278
[600/18128] 5727a1b63751af0b0096109f
[600/18128]   → ok Campaign.ID=18279 OrderNumber=16058279
[601/18128] 57295abb90e9a20b00214a02
[601/18128]   → ok Campaign.ID=18280 OrderNumber=16058280
[602/18128] 572a3683e698cb0b00d4aec9
[602/18128]   → ok Campaign.ID=18281 OrderNumber=16058281
[603/18128] 573103627a7cba0b001837ea
[603/18128]   → ok Campaign.ID=18282 OrderNumber=16058282
[604/18128] 573b802de7da7e0b00c96f1b
[604/18128]   → ok Campaign.ID=18283 OrderNumber=16058283
[605/18128] 573e4cedc807fc0b009c630a
[605/18128]   → ok Campaign.ID=18284 OrderNumber=16058284
[606/18128] 5745d904d733990b00909b5f
[606/18128]   → ok Campaign.ID=18285 OrderNumber=16058285
[607/18128] 5754c6c09910ec13007d5b46
[607/18128]   → ok Campaign.ID=18286 OrderNumber=16068286
[608/18128] 575e04c1d74ad80b00af1582
[608/18128]   → ok Campaign.ID=18287 OrderNumber=16068287
[609/18128] 5760881c37be210b000609b0
[609/18128]   → ok Campaign.ID=18288 OrderNumber=16068288
[610/18128] 57670b1ca9a0c90b001b822f
[610/18128]   → ok Campaign.ID=18289 OrderNumber=16068289
[611/18128] 577089da01dfdb0b004e0c37
[611/18128]   → ok Campaign.ID=18290 OrderNumber=16068290
[612/18128] 577478422964850b00b3f0dc
[612/18128]   → ok Campaign.ID=18291 OrderNumber=16068291
[613/18128] 578aa6a7cefb240b008e2df0
[613/18128]   → ok Campaign.ID=18292 OrderNumber=16078292
[614/18128] 57924f05e5819c0b00d942a5
[614/18128]   → ok Campaign.ID=18293 OrderNumber=16078293
[615/18128] 579254d0b1e9800b007eb188
[615/18128]   → ok Campaign.ID=18294 OrderNumber=16078294
[616/18128] 5792643ab1e9800b007eb19c
[616/18128]   → ok Campaign.ID=18295 OrderNumber=16078295
[617/18128] 57926539e5819c0b00d942c2
[617/18128]   → ok Campaign.ID=18296 OrderNumber=16078296
[618/18128] 57965d073e4e6b0b0068c0cd
[618/18128]   → ok Campaign.ID=18297 OrderNumber=16078297
[619/18128] 57965c47f3e7760b00a15042
[619/18128]   → ok Campaign.ID=18298 OrderNumber=16078298
[620/18128] 579665b9f3e7760b00a15081
[620/18128]   → ok Campaign.ID=18299 OrderNumber=16078299
[621/18128] 579660b1f3e7760b00a15053
[621/18128]   → ok Campaign.ID=18300 OrderNumber=16078300
[622/18128] 579661f3f3e7760b00a15059
[622/18128]   → ok Campaign.ID=18301 OrderNumber=16078301
[623/18128] 57a37f1028d6220b00b2c3e8
[623/18128]   → ok Campaign.ID=18302 OrderNumber=16088302
[624/18128] 57a4d3011392400b00cf8434
[624/18128]   → ok Campaign.ID=18303 OrderNumber=16088303
[625/18128] 57ae02d0495de00b00b10fce
[625/18128]   → ok Campaign.ID=18304 OrderNumber=16088304
[626/18128] 57b48e096977050b003e26fb
[626/18128]   → ok Campaign.ID=18305 OrderNumber=16088305
[627/18128] 57b5ea00050bd10b000eb1a0
[627/18128]   → ok Campaign.ID=18306 OrderNumber=16088306
[628/18128] 57bb37804ce58d0b005bfd63
[628/18128]   → ok Campaign.ID=18307 OrderNumber=16088307
[629/18128] 57c47c0e4ef4180b0050ec69
[629/18128]   → ok Campaign.ID=18308 OrderNumber=16088308
[630/18128] 57c48b6b43f6510b00f1882e
[630/18128]   → ok Campaign.ID=18309 OrderNumber=16088309
[631/18128] 57c4c3f043f6510b00f18859
[631/18128]   → ok Campaign.ID=18310 OrderNumber=16088310
[632/18128] 57c47c7e43f6510b00f187db
[632/18128]   → ok Campaign.ID=18311 OrderNumber=16088311
[633/18128] 57c4c5df43f6510b00f1885a
[633/18128]   → ok Campaign.ID=18312 OrderNumber=16088312
[634/18128] 57db34c4bdcfbe0b0086e578
[634/18128]   → ok Campaign.ID=18313 OrderNumber=16098313
[635/18128] 57ed42fed2bbba000bbb61f6
[635/18128]   → ok Campaign.ID=18314 OrderNumber=16098314
[636/18128] 57ffcb4fe96625000b9a1f0c
[636/18128]   → ok Campaign.ID=18315 OrderNumber=16108315
[637/18128] 58347fd21969fc000cf49404
[637/18128]   → FAILED: operation timed out for an unknown reason
[638/18128] 584b3a525c630b000c2e52e2
[638/18128]   → ok Campaign.ID=18317 OrderNumber=16128317
[639/18128] 58580f148624e9000c768e94
[639/18128]   → ok Campaign.ID=18318 OrderNumber=16128318
[640/18128] 585ace34c55421000c416498
[640/18128]   → ok Campaign.ID=18319 OrderNumber=16128319
[641/18128] 585acf718b22a0000c47ab7d
[641/18128]   → ok Campaign.ID=18320 OrderNumber=16128320
[642/18128] 58753e940ac237000ce805ce
[642/18128]   → ok Campaign.ID=18321 OrderNumber=17018321
[643/18128] 587968f7552a15000cf9058c
[643/18128]   → ok Campaign.ID=18322 OrderNumber=17018322
[644/18128] 58826fdebb7bd0000ce1b8a5
[644/18128]   → ok Campaign.ID=18323 OrderNumber=17018323
[645/18128] 5887a1e98493ce001a5a18e8
[645/18128]   → ok Campaign.ID=18324 OrderNumber=17018324
[646/18128] 5886b044d0f56e000c066741
[646/18128]   → ok Campaign.ID=18325 OrderNumber=17018325
[647/18128] 5890d570c209cd000cff5121
[647/18128]   → ok Campaign.ID=18326 OrderNumber=17018326
[648/18128] 58ab7b94f42fa1000ce8de57
[648/18128]   → ok Campaign.ID=18327 OrderNumber=17028327
[649/18128] 58b47a3be769e1000ccf055e
[649/18128]   → ok Campaign.ID=18328 OrderNumber=17028328
[650/18128] 58bde8abc523d2000c112ae1
[650/18128]   → ok Campaign.ID=18329 OrderNumber=17038329
[651/18128] 58c865cf4a3176001c95c371
[651/18128]   → ok Campaign.ID=18330 OrderNumber=17038330
[652/18128] 58cc61ecd4b9e2000cdf4465
[652/18128]   → ok Campaign.ID=18331 OrderNumber=17038331
[653/18128] 58cf0320717faa000ce89a12
[653/18128]   → ok Campaign.ID=18332 OrderNumber=17038332
[654/18128] 58e3e4c6a0eb89000c16710b
[654/18128]   → ok Campaign.ID=18333 OrderNumber=17048333
[655/18128] 58e3ec01a0eb89000c16712f
[655/18128]   → ok Campaign.ID=18334 OrderNumber=17048334
[656/18128] 58e3e9a4a0eb89000c167123
[656/18128]   → ok Campaign.ID=18335 OrderNumber=17048335
[657/18128] 58ebb3addd28c9000c506256
[657/18128]   → ok Campaign.ID=18336 OrderNumber=17048336
[658/18128] 58fe7b6705a7bf000cc89565
[658/18128]   → ok Campaign.ID=18337 OrderNumber=17048337
[659/18128] 591624a8ce6c2a000c2d67da
[659/18128]   → ok Campaign.ID=18338 OrderNumber=17058338
[660/18128] 594d3b2d446385000c47037f
[660/18128]   → ok Campaign.ID=18339 OrderNumber=17068339
[661/18128] 59551ca0d89d91000cec1b0d
[661/18128]   → ok Campaign.ID=18340 OrderNumber=17068340
[662/18128] 5955466ad89d91000cec1d4a
[662/18128]   → ok Campaign.ID=18341 OrderNumber=17068341
[663/18128] 5963ce5cdb626e001497db88
[663/18128]   → ok Campaign.ID=18342 OrderNumber=17078342
[664/18128] 5969332a16eb5b0010332bf2
[664/18128]   → ok Campaign.ID=18343 OrderNumber=17078343
[665/18128] 597226bfe4181c001c90f5c5
[665/18128]   → ok Campaign.ID=18344 OrderNumber=17078344
[666/18128] 597621f83dab950010429a00
[666/18128]   → ok Campaign.ID=18345 OrderNumber=17078345
[667/18128] 598c8dd5d382000010b7e584
[667/18128]   → ok Campaign.ID=18346 OrderNumber=17088346
[668/18128] 5991cfe7c2915c00108f44bd
[668/18128]   → ok Campaign.ID=18347 OrderNumber=17088347
[669/18128] 5995cbeada0b01004c3a56d2
[669/18128]   → ok Campaign.ID=18348 OrderNumber=17088348
[670/18128] 59a411dde8584a003cc23e0a
[670/18128]   → ok Campaign.ID=18349 OrderNumber=17088349
[671/18128] 59a46838e8584a003cc23f9e
[671/18128]   → ok Campaign.ID=18350 OrderNumber=17088350
[672/18128] 59bbead824a348005175329c
[672/18128]   → ok Campaign.ID=18351 OrderNumber=17098351
[673/18128] 59cab19c3150e601753963b0
[673/18128]   → ok Campaign.ID=18352 OrderNumber=17098352
[674/18128] 59d2837318b9090051c6f9ed
[674/18128]   → FAILED: Failed to cancel request in 5000ms
[675/18128] 5a2ad27fa473d10042e8ce0b
[675/18128]   → ok Campaign.ID=18354 OrderNumber=17128354
[676/18128] 5a303c88b11537004278754d
[676/18128]   → ok Campaign.ID=18355 OrderNumber=17128355
[677/18128] 5a2ecde87cdc910053f29369
[677/18128]   → ok Campaign.ID=18356 OrderNumber=17128356
[678/18128] 5a3041f3464a980047274cb0
[678/18128]   → ok Campaign.ID=18357 OrderNumber=17128357
[679/18128] 5a38306e99c8cd0042e876d1
[679/18128]   → ok Campaign.ID=18358 OrderNumber=17128358
[680/18128] 5a578ab55c4cf5004e68f311
[680/18128]   → ok Campaign.ID=18359 OrderNumber=18018359
[681/18128] 5a6b9db4ac369000531aefc6
[681/18128]   → ok Campaign.ID=18360 OrderNumber=18018360
[682/18128] 5a70a362b8818d0053a8c6c0
[682/18128]   → ok Campaign.ID=18361 OrderNumber=18018361
[683/18128] 5a7df1b4fb94f10053c283a9
[683/18128]   → ok Campaign.ID=18362 OrderNumber=18028362
[684/18128] 5ab2ac6e77f5240053ee1106
[684/18128]   → ok Campaign.ID=18363 OrderNumber=18038363
[685/18128] 5ab2aed677f5240053ee1146
[685/18128]   → ok Campaign.ID=18364 OrderNumber=18038364
[686/18128] 5ab3d3ec59ef05005379b4e0
[686/18128]   → ok Campaign.ID=18365 OrderNumber=18038365
[687/18128] 5ab94e0e3182ef00671f6c91
[687/18128]   → ok Campaign.ID=18366 OrderNumber=18038366
[688/18128] 5abea1b88e9cde0053c8679a
[688/18128]   → FAILED: operation timed out for an unknown reason
[689/18128] 5ace2c9d87cbc70053bd5fb5
[689/18128]   → ok Campaign.ID=18367 OrderNumber=18048367
[690/18128] 5b27d2d12413bc00577efc20
[690/18128]   → ok Campaign.ID=18368 OrderNumber=18068368
[691/18128] 5b3123c42358ee0057b1de3b
[691/18128]   → ok Campaign.ID=18369 OrderNumber=18068369
[692/18128] 5b6b1f0c3e10e800570f1638
[692/18128]   → ok Campaign.ID=18370 OrderNumber=18088370
[693/18128] 5b772a22c6731700574dc5dc
[693/18128]   → ok Campaign.ID=18371 OrderNumber=18088371
[694/18128] 5b75dd18b2bcbd0054023789
[694/18128]   → ok Campaign.ID=18372 OrderNumber=18088372
[695/18128] 5b86e5d014194e005483539b
[695/18128]   → ok Campaign.ID=18373 OrderNumber=18088373
[696/18128] 5beb1d41e1a8260047e1f67c
[696/18128]   → ok Campaign.ID=18374 OrderNumber=18118374
[697/18128] 5c1a5f1695413100561bfdfd
[697/18128]   → ok Campaign.ID=18375 OrderNumber=18128375
[698/18128] 5c23e9604e8ae000575bec9f
[698/18128]   → ok Campaign.ID=18376 OrderNumber=18128376
[699/18128] 5ce6c19a6bb3eb005726ef33
[699/18128]   → ok Campaign.ID=18377 OrderNumber=19058377
[700/18128] 5d23a0aead38460229c6d712
[700/18128]   → ok Campaign.ID=18378 OrderNumber=19078378
[701/18128] 5d76aaf8de54080050b37cf5
[701/18128]   → ok Campaign.ID=18379 OrderNumber=19098379
[702/18128] 5d814744cf243d00472dd8d9
[702/18128]   → ok Campaign.ID=18380 OrderNumber=19098380
[703/18128] 5e287063e5b9cb0045ed2c34
[703/18128]   → ok Campaign.ID=18381 OrderNumber=20018381
[704/18128] 5e2876432e7ac40063742e44
[704/18128]   → ok Campaign.ID=18382 OrderNumber=20018382
[705/18128] 5e94aa412f57420240135b33
[705/18128]   → ok Campaign.ID=18383 OrderNumber=20048383
[706/18128] 5e9f1084ae0fa60062d4cb81
[706/18128]   → ok Campaign.ID=18384 OrderNumber=20048384
[707/18128] 5eb5a7389260d70030ab5858
[707/18128]   → ok Campaign.ID=18385 OrderNumber=20058385
[708/18128] 5f32f0cd2209e5007221bac2
[708/18128]   → ok Campaign.ID=18386 OrderNumber=20088386
[709/18128] 5f3ec0ba8f70cd00726ec738
[709/18128]   → ok Campaign.ID=18387 OrderNumber=20088387
[710/18128] 5fc10ff3c7c17900a035d193
[710/18128]   → ok Campaign.ID=18388 OrderNumber=20118388
[711/18128] 5fc65361006a4701892a43db
[711/18128]   → ok Campaign.ID=18389 OrderNumber=20128389
[712/18128] 5fca8b31e7e637006488945a
[712/18128]   → ok Campaign.ID=18390 OrderNumber=20128390
[713/18128] 602e7807298eda0078f7630e
[713/18128]   → ok Campaign.ID=18391 OrderNumber=21028391
[714/18128] 606e1bd52de1ad0058383d46
[714/18128]   → ok Campaign.ID=18392 OrderNumber=21048392
[715/18128] 60784f6d89ff4d00587a490f
[715/18128]   → ok Campaign.ID=18393 OrderNumber=21048393
[716/18128] 60aea121f1a6e6007c7ca437
[716/18128]   → ok Campaign.ID=18394 OrderNumber=21058394
[717/18128] 60b93d1b5699c5006efc6b9d
[717/18128]   → ok Campaign.ID=18395 OrderNumber=21068395
[718/18128] 60d0e48fb0ab2c006486fd78
[718/18128]   → ok Campaign.ID=18396 OrderNumber=21068396
[719/18128] 615c7410190cae005f9f5cea
[719/18128]   → ok Campaign.ID=18397 OrderNumber=21108397
[720/18128] 619e673665b4bf004dec75c1
[720/18128]   → ok Campaign.ID=18398 OrderNumber=21118398
[721/18128] 61a7508e2526f8007dc1f487
[721/18128]   → ok Campaign.ID=18399 OrderNumber=21128399
[722/18128] 61a761178b840e005f2134f4
[722/18128]   → ok Campaign.ID=18400 OrderNumber=21128400
[723/18128] 624b729bbb3fed00593903e7
[723/18128]   → ok Campaign.ID=18401 OrderNumber=22048401
[724/18128] 6310ee30f64fd0cdf5a417b5
[724/18128]   → ok Campaign.ID=18402 OrderNumber=22098402
[725/18128] 6596c37d8d09fea18a7f6646
[725/18128]   → ok Campaign.ID=18403 OrderNumber=24018403
[726/18128] 55e8d73f0516ac0b00dccddc
[726/18128]   → ok Campaign.ID=18404 OrderNumber=15098404
[727/18128] 55e8db0f0516ac0b00dccddf
[727/18128]   → ok Campaign.ID=18405 OrderNumber=15098405
[728/18128] 55e8db5d0516ac0b00dccde3
[728/18128]   → ok Campaign.ID=18406 OrderNumber=15098406
[729/18128] 55e8dd740516ac0b00dccdef
[729/18128]   → ok Campaign.ID=18407 OrderNumber=15098407
[730/18128] 55e8dcd60516ac0b00dccde9
[730/18128]   → ok Campaign.ID=18408 OrderNumber=15098408
[731/18128] 55e8dba00516ac0b00dccde6
[731/18128]   → ok Campaign.ID=18409 OrderNumber=15098409
[732/18128] 55e8dd2c0516ac0b00dccdec
[732/18128]   → ok Campaign.ID=18410 OrderNumber=15098410
[733/18128] 55e8de2c0516ac0b00dccdf8
[733/18128]   → ok Campaign.ID=18411 OrderNumber=15098411
[734/18128] 55e8de600516ac0b00dccdfb
[734/18128]   → ok Campaign.ID=18412 OrderNumber=15098412
[735/18128] 55e8de910516ac0b00dccdfe
[735/18128]   → ok Campaign.ID=18413 OrderNumber=15098413
[736/18128] 55e8ddf50516ac0b00dccdf5
[736/18128]   → ok Campaign.ID=18414 OrderNumber=15098414
[737/18128] 55e8e2970516ac0b00dcce04
[737/18128]   → ok Campaign.ID=18415 OrderNumber=15098415
[738/18128] 55e8dec90516ac0b00dcce01
[738/18128]   → ok Campaign.ID=18416 OrderNumber=15098416
[739/18128] 55ea052d1f13e80b0089e754
[739/18128]   → ok Campaign.ID=18417 OrderNumber=15098417
[740/18128] 55ea04c31f13e80b0089e751
[740/18128]   → ok Campaign.ID=18418 OrderNumber=15098418
[741/18128] 55ef668436bbcf0b0090c742
[741/18128]   → ok Campaign.ID=18419 OrderNumber=15098419
[742/18128] 55ef689a36bbcf0b0090c773
[742/18128]   → FAILED: Failed to cancel request in 5000ms
[743/18128] 55ef606736bbcf0b0090c73a
[743/18128]   → ok Campaign.ID=18421 OrderNumber=15098421
[744/18128] 55e8ddb80516ac0b00dccdf2
[744/18128]   → ok Campaign.ID=18422 OrderNumber=15098422
[745/18128] 55f21e8acbab570b00effcbc
[745/18128]   → ok Campaign.ID=18423 OrderNumber=15098423
[746/18128] 55f31ff19728e20b00475f3c
[746/18128]   → ok Campaign.ID=18424 OrderNumber=15098424
[747/18128] 55f343420c23b10b007e4f14
[747/18128]   → ok Campaign.ID=18425 OrderNumber=15098425
[748/18128] 55f34748703f620b008160d2
[748/18128]   → ok Campaign.ID=18426 OrderNumber=15098426
[749/18128] 55f344a70c23b10b007e50f2
[749/18128]   → ok Campaign.ID=18427 OrderNumber=15098427
[750/18128] 55f6ebf9964a0a0b0099b2e8
[750/18128]   → ok Campaign.ID=18428 OrderNumber=15098428
[751/18128] 55f9bebd20fcc50b00697311
[751/18128]   → ok Campaign.ID=18429 OrderNumber=15098429
[752/18128] 55f7136651ae940b00f5c8f4
[752/18128]   → ok Campaign.ID=18430 OrderNumber=15098430
[753/18128] 5600977b5c01f10b00db3ba0
[753/18128]   → ok Campaign.ID=18431 OrderNumber=15098431
[754/18128] 55fc95911a748e0b002789e5
[754/18128]   → ok Campaign.ID=18432 OrderNumber=15098432
[755/18128] 55fc94461a748e0b002789e2
[755/18128]   → ok Campaign.ID=18433 OrderNumber=15098433
[756/18128] 5601b3550e94320b00843c33
[756/18128]   → ok Campaign.ID=18434 OrderNumber=15098434
[757/18128] 55fc965c1a748e0b002789e9
[757/18128]   → ok Campaign.ID=18435 OrderNumber=15098435
[758/18128] 5602e0e7f80b0c0b0027fb4d
[758/18128]   → ok Campaign.ID=18436 OrderNumber=15098436
[759/18128] 5602ce8df80b0c0b0027fb44
[759/18128]   → ok Campaign.ID=18437 OrderNumber=15098437
[760/18128] 5602d81bf80b0c0b0027fb47
[760/18128]   → ok Campaign.ID=18438 OrderNumber=15098438
[761/18128] 5601c3580e94320b00843c36
[761/18128]   → ok Campaign.ID=18439 OrderNumber=15098439
[762/18128] 5602cb1af80b0c0b0027fb40
[762/18128]   → ok Campaign.ID=18440 OrderNumber=15098440
[763/18128] 56034a0843473b0b007d995d
[763/18128]   → ok Campaign.ID=18441 OrderNumber=15098441
[764/18128] 5605a9de55d1f10b00ce2f02
[764/18128]   → ok Campaign.ID=18442 OrderNumber=15098442
[765/18128] 5605ed439838db0b008f44d2
[765/18128]   → ok Campaign.ID=18443 OrderNumber=15098443
[766/18128] 5605c0f255d1f10b00ce2f08
[766/18128]   → ok Campaign.ID=18444 OrderNumber=15098444
[767/18128] 560ad96670b44b0b00571a82
[767/18128]   → ok Campaign.ID=18445 OrderNumber=15098445
[768/18128] 560c1eccb076130b00af3b96
[768/18128]   → ok Campaign.ID=18446 OrderNumber=15098446
[769/18128] 560c2317b076130b00af3b9e
[769/18128]   → ok Campaign.ID=18447 OrderNumber=15098447
[770/18128] 560c4a94b076130b00af3ba5
[770/18128]   → ok Campaign.ID=18448 OrderNumber=15108448
[771/18128] 560c6bc581a77f0b0027d71e
[771/18128]   → ok Campaign.ID=18449 OrderNumber=15108449
[772/18128] 560c21f5b076130b00af3b99
[772/18128]   → ok Campaign.ID=18450 OrderNumber=15098450
[773/18128] 560c4b45b076130b00af3ba8
[773/18128]   → ok Campaign.ID=18451 OrderNumber=15108451
[774/18128] 560c74de81a77f0b0027d721
[774/18128]   → ok Campaign.ID=18452 OrderNumber=15108452
[775/18128] 560d7940669a910b006e586c
[775/18128]   → ok Campaign.ID=18453 OrderNumber=15108453
[776/18128] 561413a939b8530b0051b010
[776/18128]   → ok Campaign.ID=18454 OrderNumber=15108454
[777/18128] 561418f139b8530b0051b021
[777/18128]   → ok Campaign.ID=18455 OrderNumber=15108455
[778/18128] 56140bda39b8530b0051b004
[778/18128]   → ok Campaign.ID=18456 OrderNumber=15108456
[779/18128] 56142ba99890380b00b056d3
[779/18128]   → ok Campaign.ID=18457 OrderNumber=15108457
[780/18128] 5612c7f6492bfe0b00f8e5cd
[780/18128]   → ok Campaign.ID=18458 OrderNumber=15108458
[781/18128] 561416d539b8530b0051b019
[781/18128]   → ok Campaign.ID=18459 OrderNumber=15108459
[782/18128] 56143ec39890380b00b056d9
[782/18128]   → ok Campaign.ID=18460 OrderNumber=15108460
[783/18128] 561442bf9890380b00b056dc
[783/18128]   → ok Campaign.ID=18461 OrderNumber=15108461
[784/18128] 561444519890380b00b056e0
[784/18128]   → ok Campaign.ID=18462 OrderNumber=15108462
[785/18128] 561559c1ddc9590b0060b059
[785/18128]   → ok Campaign.ID=18463 OrderNumber=15108463
[786/18128] 561444ba9890380b00b056e5
[786/18128]   → ok Campaign.ID=18464 OrderNumber=15108464
[787/18128] 561437249890380b00b056d6
[787/18128]   → ok Campaign.ID=18465 OrderNumber=15108465
[788/18128] 56155c99ddc9590b0060b05c
[788/18128]   → ok Campaign.ID=18466 OrderNumber=15108466
[789/18128] 56155e35ddc9590b0060b05f
[789/18128]   → ok Campaign.ID=18467 OrderNumber=15108467
[790/18128] 56168802655a800b0082411d
[790/18128]   → ok Campaign.ID=18468 OrderNumber=15108468
[791/18128] 5616ce7c655a800b00824120
[791/18128]   → ok Campaign.ID=18469 OrderNumber=15108469
[792/18128] 5614181339b8530b0051b01c
[792/18128]   → ok Campaign.ID=18470 OrderNumber=15108470
[793/18128] 5616d327655a800b00824123
[793/18128]   → ok Campaign.ID=18471 OrderNumber=15108471
[794/18128] 5616ebfe655a800b0082412e
[794/18128]   → ok Campaign.ID=18472 OrderNumber=15108472
[795/18128] 5616eaf2655a800b0082412b
[795/18128]   → ok Campaign.ID=18473 OrderNumber=15108473
[796/18128] 5616f049655a800b00824133
[796/18128]   → ok Campaign.ID=18474 OrderNumber=15108474
[797/18128] 561d7a28b7315f0b007368b1
[797/18128]   → ok Campaign.ID=18475 OrderNumber=15108475
[798/18128] 561bfd97ed48e70b0067f3c0
[798/18128]   → ok Campaign.ID=18476 OrderNumber=15108476
[799/18128] 561c243eed48e70b0067f3c6
[799/18128]   → ok Campaign.ID=18477 OrderNumber=15108477
[800/18128] 561eca022467da0b006f48ca
[800/18128]   → ok Campaign.ID=18478 OrderNumber=15108478
[801/18128] 561ed35c2467da0b006f48d0
[801/18128]   → ok Campaign.ID=18479 OrderNumber=15108479
[802/18128] 561ee2cf2467da0b006f48d7
[802/18128]   → ok Campaign.ID=18480 OrderNumber=15108480
[803/18128] 5616f7ed655a800b0082413f
